Component: ARM Compiler 5.06 update 6 (build 750) Tool: armlink [4d35ed]

==============================================================================

Section Cross References

    main.o(i.UART2_IRQHandler) refers to rtx_msgqueue.o(.text.osMessageQueuePut) for osMessageQueuePut
    main.o(i.UART2_IRQHandler) refers to serial_isr.o(.data) for rx_data
    main.o(i.UART2_IRQHandler) refers to main.o(.data) for tBrainMsg
    main.o(i.main) refers to system_mkl25z4.o(i.SystemCoreClockUpdate) for SystemCoreClockUpdate
    main.o(i.main) refers to tled.o(i.initLED) for initLED
    main.o(i.main) refers to taudio.o(i.initAudio) for initAudio
    main.o(i.main) refers to serial_isr.o(i.initUART2) for initUART2
    main.o(i.main) refers to tmotorcontrol.o(i.initMotors) for initMotors
    main.o(i.main) refers to rtx_kernel.o(.text.osKernelInitialize) for osKernelInitialize
    main.o(i.main) refers to rtx_thread.o(.text.osThreadNew) for osThreadNew
    main.o(i.main) refers to rtx_msgqueue.o(.text.osMessageQueueNew) for osMessageQueueNew
    main.o(i.main) refers to rtx_kernel.o(.text.osKernelStart) for osKernelStart
    main.o(i.main) refers to main.o(i.tBrain) for tBrain
    main.o(i.main) refers to main.o(i.tMotor) for tMotor
    main.o(i.main) refers to main.o(i.tAudio) for tAudio
    main.o(i.main) refers to main.o(i.tGreen) for tGreen
    main.o(i.main) refers to main.o(i.tRed) for tRed
    main.o(i.main) refers to main.o(.data) for tBrainMsg
    main.o(i.tAudio) refers to rtx_msgqueue.o(.text.osMessageQueueGet) for osMessageQueueGet
    main.o(i.tAudio) refers to taudio.o(i.connected_tune) for connected_tune
    main.o(i.tAudio) refers to taudio.o(i.ending_tune) for ending_tune
    main.o(i.tAudio) refers to taudio.o(i.background_tune) for background_tune
    main.o(i.tAudio) refers to main.o(.data) for tAudioMsg
    main.o(i.tBrain) refers to rtx_msgqueue.o(.text.osMessageQueueGet) for osMessageQueueGet
    main.o(i.tBrain) refers to rtx_msgqueue.o(.text.osMessageQueuePut) for osMessageQueuePut
    main.o(i.tBrain) refers to main.o(.data) for uartData
    main.o(i.tGreen) refers to rtx_msgqueue.o(.text.osMessageQueueGet) for osMessageQueueGet
    main.o(i.tGreen) refers to tled.o(i.stationaryModeGreen) for stationaryModeGreen
    main.o(i.tGreen) refers to tled.o(i.greenFlash) for greenFlash
    main.o(i.tGreen) refers to rtx_msgqueue.o(.text.osMessageQueuePut) for osMessageQueuePut
    main.o(i.tGreen) refers to tled.o(i.runningModeGreen) for runningModeGreen
    main.o(i.tGreen) refers to main.o(.data) for tGreenMsg
    main.o(i.tMotor) refers to rtx_msgqueue.o(.text.osMessageQueueGet) for osMessageQueueGet
    main.o(i.tMotor) refers to tmotorcontrol.o(i.forward) for forward
    main.o(i.tMotor) refers to tmotorcontrol.o(i.left) for left
    main.o(i.tMotor) refers to tmotorcontrol.o(i.right) for right
    main.o(i.tMotor) refers to tmotorcontrol.o(i.reverse) for reverse
    main.o(i.tMotor) refers to tmotorcontrol.o(i.leftforward) for leftforward
    main.o(i.tMotor) refers to tmotorcontrol.o(i.rightforward) for rightforward
    main.o(i.tMotor) refers to tmotorcontrol.o(i.leftreverse) for leftreverse
    main.o(i.tMotor) refers to tmotorcontrol.o(i.rightreverse) for rightreverse
    main.o(i.tMotor) refers to tmotorcontrol.o(i.stopMotors) for stopMotors
    main.o(i.tMotor) refers to main.o(.data) for tMotorMsg
    main.o(i.tRed) refers to rtx_msgqueue.o(.text.osMessageQueueGet) for osMessageQueueGet
    main.o(i.tRed) refers to tled.o(i.stationaryModeRed) for stationaryModeRed
    main.o(i.tRed) refers to tled.o(i.runningModeRed) for runningModeRed
    main.o(i.tRed) refers to main.o(.data) for tRedMsg
    taudio.o(i.background_tune) refers to taudio.o(i.play_note) for play_note
    taudio.o(i.connected_tune) refers to taudio.o(i.play_note) for play_note
    taudio.o(i.connected_tune) refers to taudio.o(i.off_audio) for off_audio
    taudio.o(i.ending_tune) refers to taudio.o(i.play_note) for play_note
    taudio.o(i.play_note) refers to aeabi_sdiv.o(.text) for __aeabi_idivmod
    taudio.o(i.play_note) refers to dflti.o(.text) for __aeabi_ui2d
    taudio.o(i.play_note) refers to dmul.o(.text) for __aeabi_dmul
    taudio.o(i.play_note) refers to dfixui.o(.text) for __aeabi_d2uiz
    taudio.o(i.play_note) refers to taudio.o(i.delay) for delay
    taudio.o(i.play_note) refers to taudio.o(.data) for freq
    serial_isr.o(i.initUART2) refers to aeabi_sdiv.o(.text) for __aeabi_uidivmod
    serial_isr.o(i.initUART2) refers to serial_isr.o(i.__NVIC_SetPriority) for __NVIC_SetPriority
    tled.o(i.greenFlash) refers to rtx_delay.o(.text.osDelay) for osDelay
    tled.o(i.runningModeGreen) refers to rtx_delay.o(.text.osDelay) for osDelay
    tled.o(i.runningModeGreen) refers to tled.o(.data) for greenLeds
    tled.o(i.runningModeRed) refers to rtx_delay.o(.text.osDelay) for osDelay
[...]
    rtx_delay.c                              0x00000000   Number         0  rtx_delay.o ABSOLUTE
    rtx_kernel.c                             0x00000000   Number         0  rtx_kernel.o ABSOLUTE
    rtx_memory.c                             0x00000000   Number         0  rtx_memory.o ABSOLUTE
    rtx_mempool.c                            0x00000000   Number         0  rtx_mempool.o ABSOLUTE
    rtx_msgqueue.c                           0x00000000   Number         0  rtx_msgqueue.o ABSOLUTE
    rtx_mutex.c                              0x00000000   Number         0  rtx_mutex.o ABSOLUTE
    rtx_system.c                             0x00000000   Number         0  rtx_system.o ABSOLUTE
    rtx_thread.c                             0x00000000   Number         0  rtx_thread.o ABSOLUTE
    rtx_timer.c                              0x00000000   Number         0  rtx_timer.o ABSOLUTE
    tAudio.c                                 0x00000000   Number         0  taudio.o ABSOLUTE
    tAudio.c                                 0x00000000   Number         0  taudio.o ABSOLUTE
    tLed.c                                   0x00000000   Number         0  tled.o ABSOLUTE
    tLed.c                                   0x00000000   Number         0  tled.o ABSOLUTE
    tMotorControl.c                          0x00000000   Number         0  tmotorcontrol.o ABSOLUTE
    tMotorControl.c                          0x00000000   Number         0  tmotorcontrol.o ABSOLUTE
    !!!main                                  0x000000c0   Section        8  __main.o(!!!main)
    !!!scatter                               0x000000c8   Section       60  __scatter.o(!!!scatter)
    !!handler_zi                             0x00000104   Section       28  __scatter_zi.o(!!handler_zi)
    .ARM.Collect$$libinit$$00000000          0x00000120   Section        2  libinit.o(.ARM.Collect$$libinit$$00000000)
    .ARM.Collect$$libinit$$00000002          0x00000122   Section        0  libinit2.o(.ARM.Collect$$libinit$$00000002)
    .ARM.Collect$$libinit$$00000004          0x00000122   Section        0  libinit2.o(.ARM.Collect$$libinit$$00000004)
    .ARM.Collect$$libinit$$0000000A          0x00000122   Section        0  libinit2.o(.ARM.Collect$$libinit$$0000000A)
    .ARM.Collect$$libinit$$0000000C          0x00000122   Section        0  libinit2.o(.ARM.Collect$$libinit$$0000000C)
    .ARM.Collect$$libinit$$0000000E          0x00000122   Section        0  libinit2.o(.ARM.Collect$$libinit$$0000000E)
    .ARM.Collect$$libinit$$00000011          0x00000122   Section        0  libinit2.o(.ARM.Collect$$libinit$$00000011)
    .ARM.Collect$$libinit$$00000013          0x00000122   Section        0  libinit2.o(.ARM.Collect$$libinit$$00000013)
    .ARM.Collect$$libinit$$00000015          0x00000122   Section        0  libinit2.o(.ARM.Collect$$libinit$$00000015)
    .ARM.Collect$$libinit$$00000017          0x00000122   Section        0  libinit2.o(.ARM.Collect$$libinit$$00000017)
    .ARM.Collect$$libinit$$00000019          0x00000122   Section        0  libinit2.o(.ARM.Collect$$libinit$$00000019)
    .ARM.Collect$$libinit$$0000001B          0x00000122   Section        0  libinit2.o(.ARM.Collect$$libinit$$0000001B)
    .ARM.Collect$$libinit$$0000001D          0x00000122   Section        0  libinit2.o(.ARM.Collect$$libinit$$0000001D)
    .ARM.Collect$$libinit$$0000001F          0x00000122   Section        0  libinit2.o(.ARM.Collect$$libinit$$0000001F)
    .ARM.Collect$$libinit$$00000021          0x00000122   Section        0  libinit2.o(.ARM.Collect$$libinit$$00000021)
    .ARM.Collect$$libinit$$00000023          0x00000122   Section        0  libinit2.o(.ARM.Collect$$libinit$$00000023)
    .ARM.Collect$$libinit$$00000025          0x00000122   Section        0  libinit2.o(.ARM.Collect$$libinit$$00000025)
    .ARM.Collect$$libinit$$0000002C          0x00000122   Section        0  libinit2.o(.ARM.Collect$$libinit$$0000002C)
    .ARM.Collect$$libinit$$0000002E          0x00000122   Section        0  libinit2.o(.ARM.Collect$$libinit$$0000002E)
    .ARM.Collect$$libinit$$00000030          0x00000122   Section        0  libinit2.o(.ARM.Collect$$libinit$$00000030)
    .ARM.Collect$$libinit$$00000032          0x00000122   Section        0  libinit2.o(.ARM.Collect$$libinit$$00000032)
    .ARM.Collect$$libinit$$00000033          0x00000122   Section        2  libinit2.o(.ARM.Collect$$libinit$$00000033)
    .ARM.Collect$$libshutdown$$00000000      0x00000124   Section        2  libshutdown.o(.ARM.Collect$$libshutdown$$00000000)
    .ARM.Collect$$libshutdown$$00000002      0x00000126   Section        0  libshutdown2.o(.ARM.Collect$$libshutdown$$00000002)
    .ARM.Collect$$libshutdown$$00000004      0x00000126   Section        0  libshutdown2.o(.ARM.Collect$$libshutdown$$00000004)
    .ARM.Collect$$libshutdown$$00000007      0x00000126   Section        0  libshutdown2.o(.ARM.Collect$$libshutdown$$00000007)
    .ARM.Collect$$libshutdown$$0000000A      0x00000126   Section        0  libshutdown2.o(.ARM.Collect$$libshutdown$$0000000A)
    .ARM.Collect$$libshutdown$$0000000C      0x00000126   Section        0  libshutdown2.o(.ARM.Collect$$libshutdown$$0000000C)
    .ARM.Collect$$libshutdown$$0000000F      0x00000126   Section        0  libshutdown2.o(.ARM.Collect$$libshutdown$$0000000F)
    .ARM.Collect$$libshutdown$$00000010      0x00000126   Section        2  libshutdown2.o(.ARM.Collect$$libshutdown$$00000010)
    .ARM.Collect$$rtentry$$00000000          0x00000128   Section        0  __rtentry.o(.ARM.Collect$$rtentry$$00000000)
    .ARM.Collect$$rtentry$$00000002          0x00000128   Section        0  __rtentry2.o(.ARM.Collect$$rtentry$$00000002)
    .ARM.Collect$$rtentry$$00000004          0x00000128   Section        6  __rtentry4.o(.ARM.Collect$$rtentry$$00000004)
    .ARM.Collect$$rtentry$$00000008          0x0000012e   Section        8  __rtentry2.o(.ARM.Collect$$rtentry$$00000008)
    .ARM.Collect$$rtentry$$0000000A          0x00000136   Section        4  __rtentry2.o(.ARM.Collect$$rtentry$$0000000A)
    .ARM.Collect$$rtentry$$0000000C          0x0000013a   Section        0  __rtentry2.o(.ARM.Collect$$rtentry$$0000000C)
    .ARM.Collect$$rtentry$$0000000D          0x0000013a   Section        8  __rtentry2.o(.ARM.Collect$$rtentry$$0000000D)
    .ARM.Collect$$rtexit$$00000000           0x00000142   Section        2  rtexit.o(.ARM.Collect$$rtexit$$00000000)
    .ARM.Collect$$rtexit$$00000002           0x00000144   Section        0  rtexit2.o(.ARM.Collect$$rtexit$$00000002)
    .ARM.Collect$$rtexit$$00000003           0x00000144   Section        4  rtexit2.o(.ARM.Collect$$rtexit$$00000003)
    .ARM.Collect$$rtexit$$00000004           0x00000148   Section        6  rtexit2.o(.ARM.Collect$$rtexit$$00000004)
    .emb_text                                0x00000150   Section       56  rt_memcpy.o(.emb_text)
    .text                                    0x00000188   Section       64  startup_mkl25z4.o(.text)
    .text                                    0x000001c8   Section      164  irq_cm0.o(.text)
    .text                                    0x0000026c   Section        0  rt_memcpy.o(.text)
    .text                                    0x000002ee   Section        0  rt_memclr.o(.text)
    .text                                    0x0000032e   Section        0  heapauxi.o(.text)
    .text                                    0x00000334   Section        0  dfixui.o(.text)
    .text                                    0x0000037c   Section        0  dflti.o(.text)
    .text                                    0x000003d4   Section        0  exit.o(.text)
    .text                                    0x000003e4   Section        8  libspace.o(.text)
    .text                                    0x000003ec   Section        0  sys_exit.o(.text)
    .text                                    0x000003f8   Section        2  use_no_semi.o(.text)
    [Anonymous Symbol]                       0x000003fa   Section        0  os_systick.o(.text.OS_Tick_GetIRQn)
    .text                                    0x000003fa   Section        0  indicate_semi.o(.text)
    .ARM.__at_0x400                          0x00000400   Section       16  startup_mkl25z4.o(.ARM.__at_0x400)
    .text                                    0x00000410   Section      346  aeabi_sdiv.o(.text)
    .text                                    0x0000056c   Section        0  dmul.o(.text)
    .text                                    0x000007b4   Section       62  sys_stackheap_outer.o(.text)
    .text                                    0x000007f2   Section        0  __dczerorl.o(.text)
    [Anonymous Symbol]                       0x0000082c   Section        0  rtx_msgqueue.o(.text.MessageQueueGet)
    MessageQueueGet                          0x0000082d   Thumb Code    76  rtx_msgqueue.o(.text.MessageQueueGet)
    [Anonymous Symbol]                       0x00000878   Section        0  rtx_msgqueue.o(.text.MessageQueuePut)
    MessageQueuePut                          0x00000879   Thumb Code    98  rtx_msgqueue.o(.text.MessageQueuePut)
    [Anonymous Symbol]                       0x000008da   Section        0  rtx_msgqueue.o(.text.MessageQueueRemove)
    MessageQueueRemove                       0x000008db   Thumb Code    30  rtx_msgqueue.o(.text.MessageQueueRemove)
    [Anonymous Symbol]                       0x000008f8   Section        0  os_systick.o(.text.OS_Tick_AcknowledgeIRQ)
    __arm_cp.3_0                             0x00000900   Number         4  os_systick.o(.text.OS_Tick_AcknowledgeIRQ)
    [Anonymous Symbol]                       0x00000904   Section        0  os_systick.o(.text.OS_Tick_Enable)
    __arm_cp.1_0                             0x00000924   Number         4  os_systick.o(.text.OS_Tick_Enable)
    __arm_cp.1_1                             0x00000928   Number         4  os_systick.o(.text.OS_Tick_Enable)
    __arm_cp.1_2                             0x0000092c   Number         4  os_systick.o(.text.OS_Tick_Enable)
    [Anonymous Symbol]                       0x00000930   Section        0  os_systick.o(.text.OS_Tick_Setup)
    __arm_cp.0_0                             0x0000096c   Number         4  os_systick.o(.text.OS_Tick_Setup)
    __arm_cp.0_1                             0x00000970   Number         4  os_systick.o(.text.OS_Tick_Setup)
    __arm_cp.0_2                             0x00000974   Number         4  os_systick.o(.text.OS_Tick_Setup)
    __arm_cp.0_3                             0x00000978   Number         4  os_systick.o(.text.OS_Tick_Setup)
    [Anonymous Symbol]                       0x0000097c   Section        0  rtx_thread.o(.text.ThreadFlagsCheck)
    ThreadFlagsCheck                         0x0000097d   Thumb Code    78  rtx_thread.o(.text.ThreadFlagsCheck)
    [Anonymous Symbol]                       0x000009cc   Section        0  rtx_timer.o(.text.TimerInsert)
    TimerInsert                              0x000009cd   Thumb Code    76  rtx_timer.o(.text.TimerInsert)
    __arm_cp.8_0                             0x00000a14   Number         4  rtx_timer.o(.text.TimerInsert)
    [Anonymous Symbol]                       0x00000a18   Section        0  rtx_delay.o(.text.osDelay)
    __arm_cp.0_0                             0x00000a3c   Number         4  rtx_delay.o(.text.osDelay)
    [Anonymous Symbol]                       0x00000a40   Section        0  rtx_kernel.o(.text.osKernelGetState)
    __arm_cp.4_0                             0x00000a68   Number         4  rtx_kernel.o(.text.osKernelGetState)
    __arm_cp.4_1                             0x00000a6c   Number         4  rtx_kernel.o(.text.osKernelGetState)
    [Anonymous Symbol]                       0x00000a70   Section        0  rtx_kernel.o(.text.osKernelInitialize)
    __arm_cp.1_0                             0x00000a94   Number         4  rtx_kernel.o(.text.osKernelInitialize)
    [Anonymous Symbol]                       0x00000a98   Section        0  rtx_kernel.o(.text.osKernelStart)
    __arm_cp.6_0                             0x00000ab8   Number         4  rtx_kernel.o(.text.osKernelStart)
    [Anonymous Symbol]                       0x00000abc   Section        0  rtx_msgqueue.o(.text.osMessageQueueGet)
    __arm_cp.3_0                             0x00000b2c   Number         4  rtx_msgqueue.o(.text.osMessageQueueGet)
    [Anonymous Symbol]                       0x00000b30   Section        0  rtx_msgqueue.o(.text.osMessageQueueNew)
    __arm_cp.0_0                             0x00000b50   Number         4  rtx_msgqueue.o(.text.osMessageQueueNew)
    [Anonymous Symbol]                       0x00000b54   Section        0  rtx_msgqueue.o(.text.osMessageQueuePut)
    __arm_cp.2_0                             0x00000bc8   Number         4  rtx_msgqueue.o(.text.osMessageQueuePut)
    [Anonymous Symbol]                       0x00000bcc   Section        0  rtx_mutex.o(.text.osMutexAcquire)
    __arm_cp.3_0                             0x00000bf0   Number         4  rtx_mutex.o(.text.osMutexAcquire)
    [Anonymous Symbol]                       0x00000bf4   Section        0  rtx_mutex.o(.text.osMutexDelete)
    __arm_cp.6_0                             0x00000c18   Number         4  rtx_mutex.o(.text.osMutexDelete)
    [Anonymous Symbol]                       0x00000c1c   Section        0  rtx_mutex.o(.text.osMutexNew)
    __arm_cp.1_0                             0x00000c3c   Number         4  rtx_mutex.o(.text.osMutexNew)
    [Anonymous Symbol]                       0x00000c40   Section        0  rtx_mutex.o(.text.osMutexRelease)
    __arm_cp.4_0                             0x00000c64   Number         4  rtx_mutex.o(.text.osMutexRelease)
    [Anonymous Symbol]                       0x00000c68   Section        0  rtx_kernel.o(.text.osRtxKernelPreInit)
    [Anonymous Symbol]                       0x00000c6a   Section        0  rtx_memory.o(.text.osRtxMemoryAlloc)
    [Anonymous Symbol]                       0x00000ce6   Section        0  rtx_memory.o(.text.osRtxMemoryFree)
    [Anonymous Symbol]                       0x00000d34   Section        0  rtx_memory.o(.text.osRtxMemoryInit)
    [Anonymous Symbol]                       0x00000d66   Section        0  rtx_mempool.o(.text.osRtxMemoryPoolAlloc)
    [Anonymous Symbol]                       0x00000d94   Section        0  rtx_mempool.o(.text.osRtxMemoryPoolFree)
    [Anonymous Symbol]                       0x00000dce   Section        0  rtx_mempool.o(.text.osRtxMemoryPoolInit)
    [Anonymous Symbol]                       0x00000e0c   Section        0  rtx_msgqueue.o(.text.osRtxMessageQueuePostProcess)
    osRtxMessageQueuePostProcess             0x00000e0d   Thumb Code   188  rtx_msgqueue.o(.text.osRtxMessageQueuePostProcess)
    [Anonymous Symbol]                       0x00000ec8   Section        0  rtx_mutex.o(.text.osRtxMutexOwnerRelease)
    [Anonymous Symbol]                       0x00000f0c   Section        0  rtx_system.o(.text.osRtxPendSV_Handler)
    __arm_cp.1_0                             0x00000f88   Number         4  rtx_system.o(.text.osRtxPendSV_Handler)
    [Anonymous Symbol]                       0x00000f8c   Section        0  rtx_system.o(.text.osRtxPostProcess)
    __arm_cp.2_0                             0x00000ff0   Number         4  rtx_system.o(.text.osRtxPostProcess)
    __arm_cp.2_1                             0x00000ff4   Number         4  rtx_system.o(.text.osRtxPostProcess)
    [Anonymous Symbol]                       0x00000ff8   Section        0  rtx_thread.o(.text.osRtxThreadBlock)
    osRtxThreadBlock                         0x00000ff9   Thumb Code    56  rtx_thread.o(.text.osRtxThreadBlock)
    __arm_cp.10_0                            0x0000102c   Number         4  rtx_thread.o(.text.osRtxThreadBlock)
    [Anonymous Symbol]                       0x00001030   Section        0  rtx_thread.o(.text.osRtxThreadDelayInsert)
    osRtxThreadDelayInsert                   0x00001031   Thumb Code   128  rtx_thread.o(.text.osRtxThreadDelayInsert)
    __arm_cp.14_0                            0x000010ac   Number         4  rtx_thread.o(.text.osRtxThreadDelayInsert)
    [Anonymous Symbol]                       0x000010b0   Section        0  rtx_thread.o(.text.osRtxThreadDelayRemove)
    osRtxThreadDelayRemove                   0x000010b1   Thumb Code    68  rtx_thread.o(.text.osRtxThreadDelayRemove)
    __arm_cp.12_0                            0x000010f0   Number         4  rtx_thread.o(.text.osRtxThreadDelayRemove)
    [Anonymous Symbol]                       0x000010f4   Section        0  rtx_thread.o(.text.osRtxThreadDelayTick)
    __arm_cp.5_0                             0x00001128   Number         4  rtx_thread.o(.text.osRtxThreadDelayTick)
    [Anonymous Symbol]                       0x0000112c   Section        0  rtx_thread.o(.text.osRtxThreadDispatch)
    __arm_cp.9_0                             0x00001178   Number         4  rtx_thread.o(.text.osRtxThreadDispatch)
    [Anonymous Symbol]                       0x0000117c   Section        0  rtx_thread.o(.text.osRtxThreadFree)
    osRtxThreadFree                          0x0000117d   Thumb Code    84  rtx_thread.o(.text.osRtxThreadFree)
    __arm_cp.52_0                            0x000011cc   Number         4  rtx_thread.o(.text.osRtxThreadFree)
    [Anonymous Symbol]                       0x000011d0   Section        0  rtx_thread.o(.text.osRtxThreadListGet)
    [Anonymous Symbol]                       0x000011e4   Section        0  rtx_thread.o(.text.osRtxThreadListPut)
    [Anonymous Symbol]                       0x00001210   Section        0  rtx_thread.o(.text.osRtxThreadListRemove)
    [Anonymous Symbol]                       0x00001228   Section        0  rtx_thread.o(.text.osRtxThreadListSort)
    [Anonymous Symbol]                       0x0000124e   Section        0  rtx_thread.o(.text.osRtxThreadPostProcess)
    osRtxThreadPostProcess                   0x0000124f   Thumb Code    38  rtx_thread.o(.text.osRtxThreadPostProcess)
    [Anonymous Symbol]                       0x00001274   Section        0  rtx_thread.o(.text.osRtxThreadReadyPut)
    __arm_cp.4_0                             0x00001288   Number         4  rtx_thread.o(.text.osRtxThreadReadyPut)
    [Anonymous Symbol]                       0x0000128c   Section        0  rtx_thread.o(.text.osRtxThreadRegPtr)
    [Anonymous Symbol]                       0x00001294   Section        0  rtx_thread.o(.text.osRtxThreadStackCheck)
    __arm_cp.8_0                             0x000012b8   Number         4  rtx_thread.o(.text.osRtxThreadStackCheck)
    __arm_cp.8_1                             0x000012bc   Number         4  rtx_thread.o(.text.osRtxThreadStackCheck)
    [Anonymous Symbol]                       0x000012c0   Section        0  rtx_thread.o(.text.osRtxThreadStartup)
    __arm_cp.15_0                            0x000012f0   Number         4  rtx_thread.o(.text.osRtxThreadStartup)
    __arm_cp.15_1                            0x000012f4   Number         4  rtx_thread.o(.text.osRtxThreadStartup)
    __arm_cp.15_2                            0x000012f8   Number         4  rtx_thread.o(.text.osRtxThreadStartup)
    __arm_cp.15_3                            0x000012fc   Number         4  rtx_thread.o(.text.osRtxThreadStartup)
    [Anonymous Symbol]                       0x00001300   Section        0  rtx_thread.o(.text.osRtxThreadSwitch)
    __arm_cp.7_0                             0x00001310   Number         4  rtx_thread.o(.text.osRtxThreadSwitch)
    [Anonymous Symbol]                       0x00001314   Section        0  rtx_thread.o(.text.osRtxThreadWaitEnter)
    __arm_cp.13_0                            0x0000134c   Number         4  rtx_thread.o(.text.osRtxThreadWaitEnter)
    [Anonymous Symbol]                       0x00001350   Section        0  rtx_thread.o(.text.osRtxThreadWaitExit)
    [Anonymous Symbol]                       0x00001374   Section        0  rtx_system.o(.text.osRtxTick_Handler)
    __arm_cp.0_0                             0x000013e4   Number         4  rtx_system.o(.text.osRtxTick_Handler)
    [Anonymous Symbol]                       0x000013e8   Section        0  rtx_timer.o(.text.osRtxTimerThread)
    __arm_cp.0_0                             0x00001418   Number         4  rtx_timer.o(.text.osRtxTimerThread)
    __arm_cp.0_1                             0x0000141c   Number         4  rtx_timer.o(.text.osRtxTimerThread)
    __arm_cp.0_2                             0x00001420   Number         4  rtx_timer.o(.text.osRtxTimerThread)
    [Anonymous Symbol]                       0x00001424   Section        0  rtx_timer.o(.text.osRtxTimerTick)
    osRtxTimerTick                           0x00001425   Thumb Code    96  rtx_timer.o(.text.osRtxTimerTick)
    __arm_cp.1_0                             0x00001480   Number         4  rtx_timer.o(.text.osRtxTimerTick)
    [Anonymous Symbol]                       0x00001484   Section        0  rtx_thread.o(.text.osThreadExit)
    __arm_cp.31_0                            0x0000148c   Number         4  rtx_thread.o(.text.osThreadExit)
    [Anonymous Symbol]                       0x00001490   Section        0  rtx_thread.o(.text.osThreadNew)
    __arm_cp.17_0                            0x000014b0   Number         4  rtx_thread.o(.text.osThreadNew)
    [Anonymous Symbol]                       0x000014b4   Section        0  rtx_delay.o(.text.svcRtxDelay)
    svcRtxDelay                              0x000014b5   Thumb Code    18  rtx_delay.o(.text.svcRtxDelay)
    [Anonymous Symbol]                       0x000014c8   Section        0  rtx_kernel.o(.text.svcRtxKernelGetState)
    svcRtxKernelGetState                     0x000014c9   Thumb Code    12  rtx_kernel.o(.text.svcRtxKernelGetState)
    __arm_cp.5_0                             0x000014d0   Number         4  rtx_kernel.o(.text.svcRtxKernelGetState)
    [Anonymous Symbol]                       0x000014d4   Section        0  rtx_kernel.o(.text.svcRtxKernelInitialize)
    svcRtxKernelInitialize                   0x000014d5   Thumb Code   328  rtx_kernel.o(.text.svcRtxKernelInitialize)
    __arm_cp.20_0                            0x00001610   Number         4  rtx_kernel.o(.text.svcRtxKernelInitialize)
    __arm_cp.20_1                            0x00001614   Number         4  rtx_kernel.o(.text.svcRtxKernelInitialize)
    __arm_cp.20_2                            0x00001618   Number         4  rtx_kernel.o(.text.svcRtxKernelInitialize)
    [Anonymous Symbol]                       0x0000161c   Section        0  rtx_kernel.o(.text.svcRtxKernelStart)
    svcRtxKernelStart                        0x0000161d   Thumb Code   132  rtx_kernel.o(.text.svcRtxKernelStart)
    __arm_cp.21_0                            0x00001690   Number         4  rtx_kernel.o(.text.svcRtxKernelStart)
    __arm_cp.21_1                            0x00001694   Number         4  rtx_kernel.o(.text.svcRtxKernelStart)
    __arm_cp.21_2                            0x00001698   Number         4  rtx_kernel.o(.text.svcRtxKernelStart)
    __arm_cp.21_3                            0x0000169c   Number         4  rtx_kernel.o(.text.svcRtxKernelStart)
    [Anonymous Symbol]                       0x000016a0   Section        0  rtx_msgqueue.o(.text.svcRtxMessageQueueGet)
    svcRtxMessageQueueGet                    0x000016a1   Thumb Code   232  rtx_msgqueue.o(.text.svcRtxMessageQueueGet)
    __arm_cp.21_0                            0x00001784   Number         4  rtx_msgqueue.o(.text.svcRtxMessageQueueGet)
    [Anonymous Symbol]                       0x00001788   Section        0  rtx_msgqueue.o(.text.svcRtxMessageQueueNew)
    svcRtxMessageQueueNew                    0x00001789   Thumb Code   484  rtx_msgqueue.o(.text.svcRtxMessageQueueNew)
    __arm_cp.14_0                            0x00001954   Number         4  rtx_msgqueue.o(.text.svcRtxMessageQueueNew)
    __arm_cp.14_1                            0x00001958   Number         4  rtx_msgqueue.o(.text.svcRtxMessageQueueNew)
    __arm_cp.14_2                            0x0000195c   Number         4  rtx_msgqueue.o(.text.svcRtxMessageQueueNew)
    __arm_cp.14_3                            0x00001960   Number         4  rtx_msgqueue.o(.text.svcRtxMessageQueueNew)
    __arm_cp.14_4                            0x00001964   Number         4  rtx_msgqueue.o(.text.svcRtxMessageQueueNew)
    __arm_cp.14_5                            0x00001968   Number         4  rtx_msgqueue.o(.text.svcRtxMessageQueueNew)
    [Anonymous Symbol]                       0x0000196c   Section        0  rtx_msgqueue.o(.text.svcRtxMessageQueuePut)
    svcRtxMessageQueuePut                    0x0000196d   Thumb Code   188  rtx_msgqueue.o(.text.svcRtxMessageQueuePut)
    __arm_cp.19_0                            0x00001a24   Number         4  rtx_msgqueue.o(.text.svcRtxMessageQueuePut)
    [Anonymous Symbol]                       0x00001a28   Section        0  rtx_mutex.o(.text.svcRtxMutexAcquire)
    svcRtxMutexAcquire                       0x00001a29   Thumb Code   152  rtx_mutex.o(.text.svcRtxMutexAcquire)
    __arm_cp.9_0                             0x00001abc   Number         4  rtx_mutex.o(.text.svcRtxMutexAcquire)
    [Anonymous Symbol]                       0x00001ac0   Section        0  rtx_mutex.o(.text.svcRtxMutexDelete)
    svcRtxMutexDelete                        0x00001ac1   Thumb Code   188  rtx_mutex.o(.text.svcRtxMutexDelete)
    __arm_cp.12_0                            0x00001b78   Number         4  rtx_mutex.o(.text.svcRtxMutexDelete)
    [Anonymous Symbol]                       0x00001b7c   Section        0  rtx_mutex.o(.text.svcRtxMutexNew)
    svcRtxMutexNew                           0x00001b7d   Thumb Code   112  rtx_mutex.o(.text.svcRtxMutexNew)
    __arm_cp.7_0                             0x00001be8   Number         4  rtx_mutex.o(.text.svcRtxMutexNew)
    [Anonymous Symbol]                       0x00001bec   Section        0  rtx_mutex.o(.text.svcRtxMutexRelease)
    svcRtxMutexRelease                       0x00001bed   Thumb Code   192  rtx_mutex.o(.text.svcRtxMutexRelease)
    __arm_cp.10_0                            0x00001ca8   Number         4  rtx_mutex.o(.text.svcRtxMutexRelease)
    [Anonymous Symbol]                       0x00001cac   Section        0  rtx_thread.o(.text.svcRtxThreadExit)
    svcRtxThreadExit                         0x00001cad   Thumb Code   108  rtx_thread.o(.text.svcRtxThreadExit)
    __arm_cp.54_0                            0x00001d14   Number         4  rtx_thread.o(.text.svcRtxThreadExit)
    [Anonymous Symbol]                       0x00001d18   Section        0  rtx_thread.o(.text.svcRtxThreadNew)
    svcRtxThreadNew                          0x00001d19   Thumb Code   492  rtx_thread.o(.text.svcRtxThreadNew)
    __arm_cp.16_0                            0x00001eec   Number         4  rtx_thread.o(.text.svcRtxThreadNew)
    __arm_cp.16_1                            0x00001ef0   Number         4  rtx_thread.o(.text.svcRtxThreadNew)
    __arm_cp.16_2                            0x00001ef4   Number         4  rtx_thread.o(.text.svcRtxThreadNew)
    __arm_cp.16_3                            0x00001ef8   Number         4  rtx_thread.o(.text.svcRtxThreadNew)
    __arm_cp.16_4                            0x00001efc   Number         4  rtx_thread.o(.text.svcRtxThreadNew)
    __arm_cp.16_5                            0x00001f00   Number         4  rtx_thread.o(.text.svcRtxThreadNew)
    i.SystemCoreClockUpdate                  0x00001f04   Section        0  system_mkl25z4.o(i.SystemCoreClockUpdate)
    i.SystemInit                             0x00002094   Section        0  system_mkl25z4.o(i.SystemInit)
    i.UART2_IRQHandler                       0x000020a0   Section        0  main.o(i.UART2_IRQHandler)
    i.__ARM_common_switch8                   0x000020d0   Section        0  rtx_config.o(i.__ARM_common_switch8)
    i.__NVIC_SetPriority                     0x000020ec   Section        0  serial_isr.o(i.__NVIC_SetPriority)
    __NVIC_SetPriority                       0x000020ed   Thumb Code   110  serial_isr.o(i.__NVIC_SetPriority)
    i._mutex_acquire                         0x00002164   Section        0  rtx_lib.o(i._mutex_acquire)
    __tagsym$$used                           0x00002165   Number         0  rtx_lib.o(i._mutex_acquire)
    i._mutex_free                            0x0000217c   Section        0  rtx_lib.o(i._mutex_free)
    __tagsym$$used                           0x0000217d   Number         0  rtx_lib.o(i._mutex_free)
    i._mutex_initialize                      0x00002188   Section        0  rtx_lib.o(i._mutex_initialize)
    __tagsym$$used                           0x00002189   Number         0  rtx_lib.o(i._mutex_initialize)
    i._mutex_release                         0x000021ac   Section        0  rtx_lib.o(i._mutex_release)
    __tagsym$$used                           0x000021ad   Number         0  rtx_lib.o(i._mutex_release)
    i._platform_post_stackheap_init          0x000021c0   Section        0  rtx_lib.o(i._platform_post_stackheap_init)
    i.background_tune                        0x000021c8   Section        0  taudio.o(i.background_tune)
    i.connected_tune                         0x00002414   Section        0  taudio.o(i.connected_tune)
    i.delay                                  0x00002436   Section        0  taudio.o(i.delay)
    delay                                    0x00002437   Thumb Code    20  taudio.o(i.delay)
    i.ending_tune                            0x0000244a   Section        0  taudio.o(i.ending_tune)
    i.forward                                0x00002530   Section        0  tmotorcontrol.o(i.forward)
    i.greenFlash                             0x00002560   Section        0  tled.o(i.greenFlash)
    i.initAudio                              0x000025a0   Section        0  taudio.o(i.initAudio)
    i.initLED                                0x00002664   Section        0  tled.o(i.initLED)
    i.initMotors                             0x0000277c   Section        0  tmotorcontrol.o(i.initMotors)
    i.initUART2                              0x000028ec   Section        0  serial_isr.o(i.initUART2)
    i.left                                   0x000029e0   Section        0  tmotorcontrol.o(i.left)
    i.leftforward                            0x00002a14   Section        0  tmotorcontrol.o(i.leftforward)
    i.leftreverse                            0x00002a44   Section        0  tmotorcontrol.o(i.leftreverse)
    i.main                                   0x00002a7c   Section        0  main.o(i.main)
    i.off_audio                              0x00002b40   Section        0  taudio.o(i.off_audio)
    i.osRtxErrorNotify                       0x00002b4c   Section        0  rtx_config.o(i.osRtxErrorNotify)
    i.osRtxIdleThread                        0x00002b6c   Section        0  rtx_config.o(i.osRtxIdleThread)
    i.os_kernel_is_active                    0x00002b70   Section        0  rtx_lib.o(i.os_kernel_is_active)
    os_kernel_is_active                      0x00002b71   Thumb Code    30  rtx_lib.o(i.os_kernel_is_active)
    i.play_note                              0x00002b94   Section        0  taudio.o(i.play_note)
    i.reverse                                0x00002bf4   Section        0  tmotorcontrol.o(i.reverse)
    i.right                                  0x00002c28   Section        0  tmotorcontrol.o(i.right)
    i.rightforward                           0x00002c5c   Section        0  tmotorcontrol.o(i.rightforward)
    i.rightreverse                           0x00002c8c   Section        0  tmotorcontrol.o(i.rightreverse)
    i.runningModeGreen                       0x00002cc4   Section        0  tled.o(i.runningModeGreen)
    i.runningModeRed                         0x00002cfc   Section        0  tled.o(i.runningModeRed)
    i.stationaryModeGreen                    0x00002d2c   Section        0  tled.o(i.stationaryModeGreen)
    i.stationaryModeRed                      0x00002d40   Section        0  tled.o(i.stationaryModeRed)
    i.stopMotors                             0x00002d74   Section        0  tmotorcontrol.o(i.stopMotors)
    i.tAudio                                 0x00002d9c   Section        0  main.o(i.tAudio)
    i.tBrain                                 0x00002de4   Section        0  main.o(i.tBrain)
    i.tGreen                                 0x00002e48   Section        0  main.o(i.tGreen)
    i.tMotor                                 0x00002ef0   Section        0  main.o(i.tMotor)
    i.tRed                                   0x00002f80   Section        0  main.o(i.tRed)
    .constdata                               0x00002ff8   Section      100  rtx_lib.o(.constdata)
    x$fpl$usenofp                            0x00002ff8   Section        0  usenofp.o(x$fpl$usenofp)
    os_idle_thread_attr                      0x00002ff8   Data          36  rtx_lib.o(.constdata)
    os_timer_thread_attr                     0x0000301c   Data          36  rtx_lib.o(.constdata)
    os_timer_mq_attr                         0x00003040   Data          24  rtx_lib.o(.constdata)
    .constdata                               0x0000305c   Section        1  irq_cm0.o(.constdata)
    .rodata                                  0x00003060   Section      160  rtx_lib.o(.rodata)
    __tagsym$$used                           0x00003060   Number         0  rtx_lib.o(.rodata)
    __tagsym$$used                           0x000030c8   Number         0  rtx_lib.o(.rodata)
    [Anonymous Symbol]                       0x00003100   Section        0  rtx_kernel.o(.rodata.str1.4)
    .L.str                                   0x00003100   Data          11  rtx_kernel.o(.rodata.str1.4)
    .bss.os                                  0x1ffff000   Section     4160  rtx_lib.o(.bss.os)
    os_mem                                   0x1ffff000   Data        4096  rtx_lib.o(.bss.os)
    os_isr_queue                             0x20000000   Data          64  rtx_lib.o(.bss.os)
    .bss.os.msgqueue.cb                      0x20000040   Section       52  rtx_lib.o(.bss.os.msgqueue.cb)
    os_timer_mq_cb                           0x20000040   Data          52  rtx_lib.o(.bss.os.msgqueue.cb)
    .bss.os.msgqueue.mem                     0x20000074   Section       80  rtx_lib.o(.bss.os.msgqueue.mem)
    os_timer_mq_data                         0x20000074   Data          80  rtx_lib.o(.bss.os.msgqueue.mem)
    .bss.os.thread.cb                        0x200000c4   Section      136  rtx_lib.o(.bss.os.thread.cb)
    os_idle_thread_cb                        0x200000c4   Data          68  rtx_lib.o(.bss.os.thread.cb)
    os_timer_thread_cb                       0x20000108   Data          68  rtx_lib.o(.bss.os.thread.cb)
    .bss.os.thread.stack                     0x20000150   Section      512  rtx_lib.o(.bss.os.thread.stack)
    os_idle_thread_stack                     0x20000150   Data         256  rtx_lib.o(.bss.os.thread.stack)
    os_timer_thread_stack                    0x20000250   Data         256  rtx_lib.o(.bss.os.thread.stack)
    .data                                    0x20000350   Section       21  main.o(.data)
    .data                                    0x20000368   Section      120  taudio.o(.data)
    .data                                    0x200003e0   Section        1  serial_isr.o(.data)
    .data                                    0x200003e1   Section        8  tled.o(.data)
    .data                                    0x200003ec   Section        5  rtx_lib.o(.data)
    os_kernel_active                         0x200003f0   Data           1  rtx_lib.o(.data)
    .data                                    0x200003f4   Section        4  system_mkl25z4.o(.data)
    .bss                                     0x2000049c   Section       96  libspace.o(.bss)
    [Anonymous Symbol]                       0x200004fc   Section        0  os_systick.o(.bss.PendST)
    PendST                                   0x200004fc   Data           1  os_systick.o(.bss.PendST)
    HEAP                                     0x20000500   Section        0  startup_mkl25z4.o(HEAP)
    STACK                                    0x20000500   Section      256  startup_mkl25z4.o(STACK)
    Heap_Mem                                 0x20000500   Data           0  startup_mkl25z4.o(HEAP)
    Stack_Mem                                0x20000500   Data         256  startup_mkl25z4.o(STACK)
    __initial_sp                             0x20000600   Data           0  startup_mkl25z4.o(STACK)

    Global Symbols

    Symbol Name                              Value     Ov Type        Size  Object(Section)

    BuildAttributes$$THM_ISAv3M$S$PE$A:L22$X:L11$S22$IEEE1$IW$~IW$USESV6$~STKCKD$USESV7$~SHL$OSPACE$ROPI$EBA8$UX$STANDARDLIB$REQ8$PRES8$EABIv2 0x00000000   Number         0  anon$$obj.o ABSOLUTE
    __ARM_use_no_argv                        0x00000000   Number         0  main.o ABSOLUTE
    __Vectors                                0x00000000   Data           4  startup_mkl25z4.o(RESET)
    .bss.os.evflags.cb$$Base                  - Undefined Weak Reference
    .bss.os.evflags.cb$$Limit                 - Undefined Weak Reference
    .bss.os.mempool.cb$$Base                  - Undefined Weak Reference
    .bss.os.mempool.cb$$Limit                 - Undefined Weak Reference
    .bss.os.mutex.cb$$Base                    - Undefined Weak Reference
    .bss.os.mutex.cb$$Limit                   - Undefined Weak Reference
    .bss.os.semaphore.cb$$Base                - Undefined Weak Reference
    .bss.os.semaphore.cb$$Limit               - Undefined Weak Reference
    .bss.os.timer.cb$$Base                    - Undefined Weak Reference
    .bss.os.timer.cb$$Limit                   - Undefined Weak Reference
    __ARM_exceptions_init                     - Undefined Weak Reference
    __alloca_initialize                       - Undefined Weak Reference
    __arm_preinit_                            - Undefined Weak Reference
    __cpp_initialize__aeabi_                  - Undefined Weak Reference
    __cxa_finalize                            - Undefined Weak Reference
    __rt_locale                               - Undefined Weak Reference
    __sigvec_lookup                           - Undefined Weak Reference
    _atexit_init                              - Undefined Weak Reference
    _call_atexit_fns                          - Undefined Weak Reference
    _clock_init                               - Undefined Weak Reference
    _fp_trap_init                             - Undefined Weak Reference
    _fp_trap_shutdown                         - Undefined Weak Reference
    _get_lc_collate                           - Undefined Weak Reference
    _get_lc_ctype                             - Undefined Weak Reference
    _get_lc_monetary                          - Undefined Weak Reference
    _get_lc_numeric                           - Undefined Weak Reference
    _get_lc_time                              - Undefined Weak Reference
    _getenv_init                              - Undefined Weak Reference
    _handle_redirection                       - Undefined Weak Reference
    _init_alloc                               - Undefined Weak Reference
    _init_user_alloc                          - Undefined Weak Reference
    _initio                                   - Undefined Weak Reference
    _rand_init                                - Undefined Weak Reference
    _signal_finish                            - Undefined Weak Reference
    _signal_init                              - Undefined Weak Reference
    _terminate_alloc                          - Undefined Weak Reference
    _terminate_user_alloc                     - Undefined Weak Reference
    _terminateio                              - Undefined Weak Reference
    __Vectors_End                            0x000000c0   Data           0  startup_mkl25z4.o(RESET)
    __Vectors_Size                           0x000000c0   Number         0  startup_mkl25z4.o ABSOLUTE
    __main                                   0x000000c1   Thumb Code     8  __main.o(!!!main)
    __scatterload                            0x000000c9   Thumb Code     0  __scatter.o(!!!scatter)
    __scatterload_rt2                        0x000000c9   Thumb Code    52  __scatter.o(!!!scatter)
    __scatterload_rt2_thumb_only             0x000000c9   Thumb Code     0  __scatter.o(!!!scatter)
    __scatterload_null                       0x000000d9   Thumb Code     0  __scatter.o(!!!scatter)
    __scatterload_zeroinit                   0x00000105   Thumb Code    28  __scatter_zi.o(!!handler_zi)
    __rt_lib_init                            0x00000121   Thumb Code     0  libinit.o(.ARM.Collect$$libinit$$00000000)
    __rt_lib_init_alloca_1                   0x00000123   Thumb Code     0  libinit2.o(.ARM.Collect$$libinit$$0000002E)
    __rt_lib_init_argv_1                     0x00000123   Thumb Code     0  libinit2.o(.ARM.Collect$$libinit$$0000002C)
    __rt_lib_init_atexit_1                   0x00000123   Thumb Code     0  libinit2.o(.ARM.Collect$$libinit$$0000001B)
    __rt_lib_init_clock_1                    0x00000123   Thumb Code     0  libinit2.o(.ARM.Collect$$libinit$$00000021)
    __rt_lib_init_cpp_1                      0x00000123   Thumb Code     0  libinit2.o(.ARM.Collect$$libinit$$00000032)
    __rt_lib_init_exceptions_1               0x00000123   Thumb Code     0  libinit2.o(.ARM.Collect$$libinit$$00000030)
    __rt_lib_init_fp_1                       0x00000123   Thumb Code     0  libinit2.o(.ARM.Collect$$libinit$$00000002)
    __rt_lib_init_fp_trap_1                  0x00000123   Thumb Code     0  libinit2.o(.ARM.Collect$$libinit$$0000001F)
    __rt_lib_init_getenv_1                   0x00000123   Thumb Code     0  libinit2.o(.ARM.Collect$$libinit$$00000023)
    __rt_lib_init_heap_1                     0x00000123   Thumb Code     0  libinit2.o(.ARM.Collect$$libinit$$0000000A)
    __rt_lib_init_lc_collate_1               0x00000123   Thumb Code     0  libinit2.o(.ARM.Collect$$libinit$$00000011)
    __rt_lib_init_lc_ctype_1                 0x00000123   Thumb Code     0  libinit2.o(.ARM.Collect$$libinit$$00000013)
    __rt_lib_init_lc_monetary_1              0x00000123   Thumb Code     0  libinit2.o(.ARM.Collect$$libinit$$00000015)
    __rt_lib_init_lc_numeric_1               0x00000123   Thumb Code     0  libinit2.o(.ARM.Collect$$libinit$$00000017)
    __rt_lib_init_lc_time_1                  0x00000123   Thumb Code     0  libinit2.o(.ARM.Collect$$libinit$$00000019)
    __rt_lib_init_preinit_1                  0x00000123   Thumb Code     0  libinit2.o(.ARM.Collect$$libinit$$00000004)
    __rt_lib_init_rand_1                     0x00000123   Thumb Code     0  libinit2.o(.ARM.Collect$$libinit$$0000000E)
    __rt_lib_init_return                     0x00000123   Thumb Code     0  libinit2.o(.ARM.Collect$$libinit$$00000033)
    __rt_lib_init_signal_1                   0x00000123   Thumb Code     0  libinit2.o(.ARM.Collect$$libinit$$0000001D)
    __rt_lib_init_stdio_1                    0x00000123   Thumb Code     0  libinit2.o(.ARM.Collect$$libinit$$00000025)
    __rt_lib_init_user_alloc_1               0x00000123   Thumb Code     0  libinit2.o(.ARM.Collect$$libinit$$0000000C)
    __rt_lib_shutdown                        0x00000125   Thumb Code     0  libshutdown.o(.ARM.Collect$$libshutdown$$00000000)
    __rt_lib_shutdown_cpp_1                  0x00000127   Thumb Code     0  libshutdown2.o(.ARM.Collect$$libshutdown$$00000002)
    __rt_lib_shutdown_fp_trap_1              0x00000127   Thumb Code     0  libshutdown2.o(.ARM.Collect$$libshutdown$$00000007)
    __rt_lib_shutdown_heap_1                 0x00000127   Thumb Code     0  libshutdown2.o(.ARM.Collect$$libshutdown$$0000000F)
    __rt_lib_shutdown_return                 0x00000127   Thumb Code     0  libshutdown2.o(.ARM.Collect$$libshutdown$$00000010)
    __rt_lib_shutdown_signal_1               0x00000127   Thumb Code     0  libshutdown2.o(.ARM.Collect$$libshutdown$$0000000A)
    __rt_lib_shutdown_stdio_1                0x00000127   Thumb Code     0  libshutdown2.o(.ARM.Collect$$libshutdown$$00000004)
    __rt_lib_shutdown_user_alloc_1           0x00000127   Thumb Code     0  libshutdown2.o(.ARM.Collect$$libshutdown$$0000000C)
    __rt_entry                               0x00000129   Thumb Code     0  __rtentry.o(.ARM.Collect$$rtentry$$00000000)
    __rt_entry_presh_1                       0x00000129   Thumb Code     0  __rtentry2.o(.ARM.Collect$$rtentry$$00000002)
    __rt_entry_sh                            0x00000129   Thumb Code     0  __rtentry4.o(.ARM.Collect$$rtentry$$00000004)
    __rt_entry_postsh_1                      0x0000012f   Thumb Code     0  __rtentry2.o(.ARM.Collect$$rtentry$$00000008)
    __rt_entry_li                            0x00000137   Thumb Code     0  __rtentry2.o(.ARM.Collect$$rtentry$$0000000A)
    __rt_entry_main                          0x0000013b   Thumb Code     0  __rtentry2.o(.ARM.Collect$$rtentry$$0000000D)
    __rt_entry_postli_1                      0x0000013b   Thumb Code     0  __rtentry2.o(.ARM.Collect$$rtentry$$0000000C)
    __rt_exit                                0x00000143   Thumb Code     0  rtexit.o(.ARM.Collect$$rtexit$$00000000)
    __rt_exit_ls                             0x00000145   Thumb Code     0  rtexit2.o(.ARM.Collect$$rtexit$$00000003)
    __rt_exit_prels_1                        0x00000145   Thumb Code     0  rtexit2.o(.ARM.Collect$$rtexit$$00000002)
    __rt_exit_exit                           0x00000149   Thumb Code     0  rtexit2.o(.ARM.Collect$$rtexit$$00000004)
    __aeabi_memcpy4                          0x00000151   Thumb Code    56  rt_memcpy.o(.emb_text)
    __aeabi_memcpy8                          0x00000151   Thumb Code     0  rt_memcpy.o(.emb_text)
    Reset_Handler                            0x00000189   Thumb Code    12  startup_mkl25z4.o(.text)
    NMI_Handler                              0x00000195   Thumb Code     2  startup_mkl25z4.o(.text)
    HardFault_Handler                        0x00000197   Thumb Code     2  startup_mkl25z4.o(.text)
    ADC0_IRQHandler                          0x0000019f   Thumb Code     0  startup_mkl25z4.o(.text)
    CMP0_IRQHandler                          0x0000019f   Thumb Code     0  startup_mkl25z4.o(.text)
    DAC0_IRQHandler                          0x0000019f   Thumb Code     0  startup_mkl25z4.o(.text)
    DMA0_IRQHandler                          0x0000019f   Thumb Code     0  startup_mkl25z4.o(.text)
    DMA1_IRQHandler                          0x0000019f   Thumb Code     0  startup_mkl25z4.o(.text)
    DMA2_IRQHandler                          0x0000019f   Thumb Code     0  startup_mkl25z4.o(.text)
    DMA3_IRQHandler                          0x0000019f   Thumb Code     0  startup_mkl25z4.o(.text)
    DefaultISR                               0x0000019f   Thumb Code     0  startup_mkl25z4.o(.text)
    FTFA_IRQHandler                          0x0000019f   Thumb Code     0  startup_mkl25z4.o(.text)
    I2C0_IRQHandler                          0x0000019f   Thumb Code     0  startup_mkl25z4.o(.text)
    I2C1_IRQHandler                          0x0000019f   Thumb Code     0  startup_mkl25z4.o(.text)
    LLWU_IRQHandler                          0x0000019f   Thumb Code     0  startup_mkl25z4.o(.text)
    LPTMR0_IRQHandler                        0x0000019f   Thumb Code     0  startup_mkl25z4.o(.text)
    LVD_LVW_IRQHandler                       0x0000019f   Thumb Code     0  startup_mkl25z4.o(.text)
    MCG_IRQHandler                           0x0000019f   Thumb Code     0  startup_mkl25z4.o(.text)
    PIT_IRQHandler                           0x0000019f   Thumb Code     0  startup_mkl25z4.o(.text)
    PORTA_IRQHandler                         0x0000019f   Thumb Code     0  startup_mkl25z4.o(.text)
    PORTD_IRQHandler                         0x0000019f   Thumb Code     0  startup_mkl25z4.o(.text)
    RTC_IRQHandler                           0x0000019f   Thumb Code     0  startup_mkl25z4.o(.text)
    RTC_Seconds_IRQHandler                   0x0000019f   Thumb Code     0  startup_mkl25z4.o(.text)
    Reserved20_IRQHandler                    0x0000019f   Thumb Code     0  startup_mkl25z4.o(.text)
    Reserved39_IRQHandler                    0x0000019f   Thumb Code     0  startup_mkl25z4.o(.text)
    Reserved45_IRQHandler                    0x0000019f   Thumb Code     0  startup_mkl25z4.o(.text)
    SPI0_IRQHandler                          0x0000019f   Thumb Code     0  startup_mkl25z4.o(.text)
    SPI1_IRQHandler                          0x0000019f   Thumb Code     0  startup_mkl25z4.o(.text)
    TPM0_IRQHandler                          0x0000019f   Thumb Code     0  startup_mkl25z4.o(.text)
    TPM1_IRQHandler                          0x0000019f   Thumb Code     0  startup_mkl25z4.o(.text)
    TPM2_IRQHandler                          0x0000019f   Thumb Code     0  startup_mkl25z4.o(.text)
    TSI0_IRQHandler                          0x0000019f   Thumb Code     0  startup_mkl25z4.o(.text)
    UART0_IRQHandler                         0x0000019f   Thumb Code     0  startup_mkl25z4.o(.text)
    UART1_IRQHandler                         0x0000019f   Thumb Code     0  startup_mkl25z4.o(.text)
    USB0_IRQHandler                          0x0000019f   Thumb Code     0  startup_mkl25z4.o(.text)
    __user_initial_stackheap                 0x000001a5   Thumb Code     0  startup_mkl25z4.o(.text)
    SVC_Handler                              0x000001c9   Thumb Code   132  irq_cm0.o(.text)
    PendSV_Handler                           0x0000024d   Thumb Code    12  irq_cm0.o(.text)
    SysTick_Handler                          0x00000259   Thumb Code    12  irq_cm0.o(.text)
    __aeabi_memcpy                           0x0000026d   Thumb Code   130  rt_memcpy.o(.text)
    __rt_memcpy                              0x0000026d   Thumb Code     0  rt_memcpy.o(.text)
    _memset_w                                0x000002ef   Thumb Code    26  rt_memclr.o(.text)
    _memset                                  0x00000309   Thumb Code    30  rt_memclr.o(.text)
    __aeabi_memclr                           0x00000327   Thumb Code     4  rt_memclr.o(.text)
    __rt_memclr                              0x00000327   Thumb Code     0  rt_memclr.o(.text)
    __aeabi_memclr4                          0x0000032b   Thumb Code     0  rt_memclr.o(.text)
    __aeabi_memclr8                          0x0000032b   Thumb Code     0  rt_memclr.o(.text)
    __rt_memclr_w                            0x0000032b   Thumb Code     4  rt_memclr.o(.text)
    __use_two_region_memory                  0x0000032f   Thumb Code     2  heapauxi.o(.text)
    __rt_heap_escrow$2region                 0x00000331   Thumb Code     2  heapauxi.o(.text)
    __rt_heap_expand$2region                 0x00000333   Thumb Code     2  heapauxi.o(.text)
    __aeabi_d2uiz                            0x00000335   Thumb Code     0  dfixui.o(.text)
    _dfixu                                   0x00000335   Thumb Code    68  dfixui.o(.text)
    __aeabi_i2d_normalise                    0x0000037d   Thumb Code    66  dflti.o(.text)
    __aeabi_i2d                              0x000003bf   Thumb Code    16  dflti.o(.text)
    _dflt                                    0x000003bf   Thumb Code     0  dflti.o(.text)
    __aeabi_ui2d                             0x000003cf   Thumb Code     6  dflti.o(.text)
    _dfltu                                   0x000003cf   Thumb Code     0  dflti.o(.text)
    exit                                     0x000003d5   Thumb Code    16  exit.o(.text)
    __user_libspace                          0x000003e5   Thumb Code     8  libspace.o(.text)
    __user_perproc_libspace                  0x000003e5   Thumb Code     0  libspace.o(.text)
    _sys_exit                                0x000003ed   Thumb Code     8  sys_exit.o(.text)
    __I$use$semihosting                      0x000003f9   Thumb Code     0  use_no_semi.o(.text)
    __use_no_semihosting_swi                 0x000003f9   Thumb Code     2  use_no_semi.o(.text)
    OS_Tick_GetIRQn                          0x000003fb   Thumb Code     6  os_systick.o(.text.OS_Tick_GetIRQn)
    __semihosting_library_function           0x000003fb   Thumb Code     0  indicate_semi.o(.text)
    __aeabi_uidiv                            0x00000411   Thumb Code     0  aeabi_sdiv.o(.text)
    __aeabi_uidivmod                         0x00000411   Thumb Code    20  aeabi_sdiv.o(.text)
    __aeabi_idiv                             0x00000425   Thumb Code     0  aeabi_sdiv.o(.text)
    __aeabi_idivmod                          0x00000425   Thumb Code   326  aeabi_sdiv.o(.text)
    __aeabi_dmul                             0x0000056d   Thumb Code     0  dmul.o(.text)
    _dmul                                    0x0000056d   Thumb Code   558  dmul.o(.text)
    __user_setup_stackheap                   0x000007b5   Thumb Code    62  sys_stackheap_outer.o(.text)
    __decompress                             0x000007f3   Thumb Code     0  __dczerorl.o(.text)
    __decompress0                            0x000007f3   Thumb Code    58  __dczerorl.o(.text)
    OS_Tick_AcknowledgeIRQ                   0x000008f9   Thumb Code    12  os_systick.o(.text.OS_Tick_AcknowledgeIRQ)
    OS_Tick_Enable                           0x00000905   Thumb Code    44  os_systick.o(.text.OS_Tick_Enable)
    OS_Tick_Setup                            0x00000931   Thumb Code    76  os_systick.o(.text.OS_Tick_Setup)
    osDelay                                  0x00000a19   Thumb Code    40  rtx_delay.o(.text.osDelay)
    osKernelGetState                         0x00000a41   Thumb Code    48  rtx_kernel.o(.text.osKernelGetState)
    osKernelInitialize                       0x00000a71   Thumb Code    40  rtx_kernel.o(.text.osKernelInitialize)
    osKernelStart                            0x00000a99   Thumb Code    36  rtx_kernel.o(.text.osKernelStart)
    osMessageQueueGet                        0x00000abd   Thumb Code   116  rtx_msgqueue.o(.text.osMessageQueueGet)
    osMessageQueueNew                        0x00000b31   Thumb Code    36  rtx_msgqueue.o(.text.osMessageQueueNew)
    osMessageQueuePut                        0x00000b55   Thumb Code   120  rtx_msgqueue.o(.text.osMessageQueuePut)
    osMutexAcquire                           0x00000bcd   Thumb Code    40  rtx_mutex.o(.text.osMutexAcquire)
    osMutexDelete                            0x00000bf5   Thumb Code    40  rtx_mutex.o(.text.osMutexDelete)
    osMutexNew                               0x00000c1d   Thumb Code    36  rtx_mutex.o(.text.osMutexNew)
    osMutexRelease                           0x00000c41   Thumb Code    40  rtx_mutex.o(.text.osMutexRelease)
    osRtxKernelPreInit                       0x00000c69   Thumb Code     2  rtx_kernel.o(.text.osRtxKernelPreInit)
    osRtxMemoryAlloc                         0x00000c6b   Thumb Code   124  rtx_memory.o(.text.osRtxMemoryAlloc)
    osRtxMemoryFree                          0x00000ce7   Thumb Code    78  rtx_memory.o(.text.osRtxMemoryFree)
    osRtxMemoryInit                          0x00000d35   Thumb Code    50  rtx_memory.o(.text.osRtxMemoryInit)
    osRtxMemoryPoolAlloc                     0x00000d67   Thumb Code    46  rtx_mempool.o(.text.osRtxMemoryPoolAlloc)
    osRtxMemoryPoolFree                      0x00000d95   Thumb Code    58  rtx_mempool.o(.text.osRtxMemoryPoolFree)
    osRtxMemoryPoolInit                      0x00000dcf   Thumb Code    62  rtx_mempool.o(.text.osRtxMemoryPoolInit)
    osRtxMutexOwnerRelease                   0x00000ec9   Thumb Code    68  rtx_mutex.o(.text.osRtxMutexOwnerRelease)
    osRtxPendSV_Handler                      0x00000f0d   Thumb Code   128  rtx_system.o(.text.osRtxPendSV_Handler)
    osRtxPostProcess                         0x00000f8d   Thumb Code   108  rtx_system.o(.text.osRtxPostProcess)
    osRtxThreadDelayTick                     0x000010f5   Thumb Code    56  rtx_thread.o(.text.osRtxThreadDelayTick)
    osRtxThreadDispatch                      0x0000112d   Thumb Code    80  rtx_thread.o(.text.osRtxThreadDispatch)
    osRtxThreadListGet                       0x000011d1   Thumb Code    20  rtx_thread.o(.text.osRtxThreadListGet)
    osRtxThreadListPut                       0x000011e5   Thumb Code    44  rtx_thread.o(.text.osRtxThreadListPut)
    osRtxThreadListRemove                    0x00001211   Thumb Code    24  rtx_thread.o(.text.osRtxThreadListRemove)
    osRtxThreadListSort                      0x00001229   Thumb Code    38  rtx_thread.o(.text.osRtxThreadListSort)
    osRtxThreadReadyPut                      0x00001275   Thumb Code    24  rtx_thread.o(.text.osRtxThreadReadyPut)
    osRtxThreadRegPtr                        0x0000128d   Thumb Code     6  rtx_thread.o(.text.osRtxThreadRegPtr)
    osRtxThreadStackCheck                    0x00001295   Thumb Code    44  rtx_thread.o(.text.osRtxThreadStackCheck)
    osRtxThreadStartup                       0x000012c1   Thumb Code    64  rtx_thread.o(.text.osRtxThreadStartup)
    osRtxThreadSwitch                        0x00001301   Thumb Code    20  rtx_thread.o(.text.osRtxThreadSwitch)
    osRtxThreadWaitEnter                     0x00001315   Thumb Code    60  rtx_thread.o(.text.osRtxThreadWaitEnter)
    osRtxThreadWaitExit                      0x00001351   Thumb Code    34  rtx_thread.o(.text.osRtxThreadWaitExit)
    osRtxTick_Handler                        0x00001375   Thumb Code   116  rtx_system.o(.text.osRtxTick_Handler)
    osRtxTimerThread                         0x000013e9   Thumb Code    60  rtx_timer.o(.text.osRtxTimerThread)
    osThreadExit                             0x00001485   Thumb Code    12  rtx_thread.o(.text.osThreadExit)
    osThreadNew                              0x00001491   Thumb Code    36  rtx_thread.o(.text.osThreadNew)
    SystemCoreClockUpdate                    0x00001f05   Thumb Code   372  system_mkl25z4.o(i.SystemCoreClockUpdate)
    SystemInit                               0x00002095   Thumb Code     8  system_mkl25z4.o(i.SystemInit)
    UART2_IRQHandler                         0x000020a1   Thumb Code    36  main.o(i.UART2_IRQHandler)
    __ARM_common_switch8                     0x000020d1   Thumb Code    28  rtx_config.o(i.__ARM_common_switch8)
    _mutex_acquire                           0x00002165   Thumb Code    24  rtx_lib.o(i._mutex_acquire)
    _mutex_free                              0x0000217d   Thumb Code    12  rtx_lib.o(i._mutex_free)
    _mutex_initialize                        0x00002189   Thumb Code    36  rtx_lib.o(i._mutex_initialize)
    _mutex_release                           0x000021ad   Thumb Code    20  rtx_lib.o(i._mutex_release)
    _platform_post_stackheap_init            0x000021c1   Thumb Code     8  rtx_lib.o(i._platform_post_stackheap_init)
    background_tune                          0x000021c9   Thumb Code   588  taudio.o(i.background_tune)
    connected_tune                           0x00002415   Thumb Code    34  taudio.o(i.connected_tune)
    ending_tune                              0x0000244b   Thumb Code   228  taudio.o(i.ending_tune)
    forward                                  0x00002531   Thumb Code    34  tmotorcontrol.o(i.forward)
    greenFlash                               0x00002561   Thumb Code    58  tled.o(i.greenFlash)
    initAudio                                0x000025a1   Thumb Code   180  taudio.o(i.initAudio)
    initLED                                  0x00002665   Thumb Code   268  tled.o(i.initLED)
    initMotors                               0x0000277d   Thumb Code   348  tmotorcontrol.o(i.initMotors)
    initUART2                                0x000028ed   Thumb Code   222  serial_isr.o(i.initUART2)
    left                                     0x000029e1   Thumb Code    34  tmotorcontrol.o(i.left)
    leftforward                              0x00002a15   Thumb Code    34  tmotorcontrol.o(i.leftforward)
    leftreverse                              0x00002a45   Thumb Code    34  tmotorcontrol.o(i.leftreverse)
    main                                     0x00002a7d   Thumb Code   156  main.o(i.main)
    off_audio                                0x00002b41   Thumb Code     8  taudio.o(i.off_audio)
    osRtxErrorNotify                         0x00002b4d   Thumb Code    32  rtx_config.o(i.osRtxErrorNotify)
    osRtxIdleThread                          0x00002b6d   Thumb Code     4  rtx_config.o(i.osRtxIdleThread)
    play_note                                0x00002b95   Thumb Code    70  taudio.o(i.play_note)
    reverse                                  0x00002bf5   Thumb Code    34  tmotorcontrol.o(i.reverse)
    right                                    0x00002c29   Thumb Code    34  tmotorcontrol.o(i.right)
    rightforward                             0x00002c5d   Thumb Code    34  tmotorcontrol.o(i.rightforward)
    rightreverse                             0x00002c8d   Thumb Code    34  tmotorcontrol.o(i.rightreverse)
    runningModeGreen                         0x00002cc5   Thumb Code    48  tled.o(i.runningModeGreen)
    runningModeRed                           0x00002cfd   Thumb Code    44  tled.o(i.runningModeRed)
    stationaryModeGreen                      0x00002d2d   Thumb Code    16  tled.o(i.stationaryModeGreen)
    stationaryModeRed                        0x00002d41   Thumb Code    48  tled.o(i.stationaryModeRed)
    stopMotors                               0x00002d75   Thumb Code    30  tmotorcontrol.o(i.stopMotors)
    tAudio                                   0x00002d9d   Thumb Code    66  main.o(i.tAudio)
    tBrain                                   0x00002de5   Thumb Code    76  main.o(i.tBrain)
    tGreen                                   0x00002e49   Thumb Code   164  main.o(i.tGreen)
    tMotor                                   0x00002ef1   Thumb Code   140  main.o(i.tMotor)
    tRed                                     0x00002f81   Thumb Code   114  main.o(i.tRed)
    __I$use$fp                               0x00002ff8   Number         0  usenofp.o(x$fpl$usenofp)
    osRtxUserSVC                             0x00003058   Data           4  rtx_lib.o(.constdata)
    irqRtxLib                                0x0000305c   Data           1  irq_cm0.o(.constdata)
    osRtxConfig                              0x00003060   Data         104  rtx_lib.o(.rodata)
    os_cb_sections                           0x000030c8   Data          56  rtx_lib.o(.rodata)
    Region$$Table$$Base                      0x0000310c   Number         0  anon$$obj.o(Region$$Table)
    Region$$Table$$Limit                     0x0000312c   Number         0  anon$$obj.o(Region$$Table)
    .bss.os.msgqueue.cb$$Base                0x20000040   Number         0  rtx_lib.o(.bss.os.msgqueue.cb)
    .bss.os.msgqueue.cb$$Limit               0x20000074   Number         0  rtx_lib.o(.bss.os.msgqueue.cb)
    .bss.os.thread.cb$$Base                  0x200000c4   Number         0  rtx_lib.o(.bss.os.thread.cb)
    .bss.os.thread.cb$$Limit                 0x2000014c   Number         0  rtx_lib.o(.bss.os.thread.cb)
    tAudioMsg                                0x20000350   Data           4  main.o(.data)
    tMotorMsg                                0x20000354   Data           4  main.o(.data)
    tGreenMsg                                0x20000358   Data           4  main.o(.data)
    tRedMsg                                  0x2000035c   Data           4  main.o(.data)
    tBrainMsg                                0x20000360   Data           4  main.o(.data)
    uartData                                 0x20000364   Data           1  main.o(.data)
    len                                      0x20000368   Data          20  taudio.o(.data)
    freq                                     0x2000037c   Data         100  taudio.o(.data)
    rx_data                                  0x200003e0   Data           1  serial_isr.o(.data)
    greenLeds                                0x200003e1   Data           8  tled.o(.data)
    irqRtxLibRef                             0x200003ec   Data           4  rtx_lib.o(.data)
    SystemCoreClock                          0x200003f4   Data           4  system_mkl25z4.o(.data)
    osRtxInfo                                0x200003f8   Data         164  rtx_kernel.o(.data.os)
    __libspace_start                         0x2000049c   Data          96  libspace.o(.bss)
    __temporary_stack_top$libspace           0x200004fc   Data           0  libspace.o(.bss)



==============================================================================

Memory Map of the image

  Image Entry point : 0x00000189

  Load Region LR_1 (Base: 0x00000000, Size: 0x000045c8, Max: 0xffffffff, ABSOLUTE, COMPRESSED[0x000031bc])

    Execution Region ER_RO (Exec base: 0x00000000, Load base: 0x00000000, Size: 0x0000312c, Max: 0xffffffff, ABSOLUTE)

    Exec Addr    Load Addr    Size         Type   Attr      Idx    E Section Name        Object

    0x00000000   0x00000000   0x000000c0   Data   RO          449    RESET               startup_mkl25z4.o
    0x000000c0   0x000000c0   0x00000008   Code   RO          967  * !!!main             c_p.l(__main.o)
    0x000000c8   0x000000c8   0x0000003c   Code   RO         1143    !!!scatter          c_p.l(__scatter.o)
    0x00000104   0x00000104   0x0000001c   Code   RO         1145    !!handler_zi        c_p.l(__scatter_zi.o)
    0x00000120   0x00000120   0x00000002   Code   RO         1010    .ARM.Collect$$libinit$$00000000  c_p.l(libinit.o)
    0x00000122   0x00000122   0x00000000   Code   RO         1024    .ARM.Collect$$libinit$$00000002  c_p.l(libinit2.o)
    0x00000122   0x00000122   0x00000000   Code   RO         1026    .ARM.Collect$$libinit$$00000004  c_p.l(libinit2.o)
    0x00000122   0x00000122   0x00000000   Code   RO         1029    .ARM.Collect$$libinit$$0000000A  c_p.l(libinit2.o)
    0x00000122   0x00000122   0x00000000   Code   RO         1031    .ARM.Collect$$libinit$$0000000C  c_p.l(libinit2.o)
    0x00000122   0x00000122   0x00000000   Code   RO         1033    .ARM.Collect$$libinit$$0000000E  c_p.l(libinit2.o)
    0x00000122   0x00000122   0x00000000   Code   RO         1036    .ARM.Collect$$libinit$$00000011  c_p.l(libinit2.o)
    0x00000122   0x00000122   0x00000000   Code   RO         1038    .ARM.Collect$$libinit$$00000013  c_p.l(libinit2.o)
    0x00000122   0x00000122   0x00000000   Code   RO         1040    .ARM.Collect$$libinit$$00000015  c_p.l(libinit2.o)
    0x00000122   0x00000122   0x00000000   Code   RO         1042    .ARM.Collect$$libinit$$00000017  c_p.l(libinit2.o)
    0x00000122   0x00000122   0x00000000   Code   RO         1044    .ARM.Collect$$libinit$$00000019  c_p.l(libinit2.o)
    0x00000122   0x00000122   0x00000000   Code   RO         1046    .ARM.Collect$$libinit$$0000001B  c_p.l(libinit2.o)
    0x00000122   0x00000122   0x00000000   Code   RO         1048    .ARM.Collect$$libinit$$0000001D  c_p.l(libinit2.o)
    0x00000122   0x00000122   0x00000000   Code   RO         1050    .ARM.Collect$$libinit$$0000001F  c_p.l(libinit2.o)
    0x00000122   0x00000122   0x00000000   Code   RO         1052    .ARM.Collect$$libinit$$00000021  c_p.l(libinit2.o)
    0x00000122   0x00000122   0x00000000   Code   RO         1054    .ARM.Collect$$libinit$$00000023  c_p.l(libinit2.o)
    0x00000122   0x00000122   0x00000000   Code   RO         1056    .ARM.Collect$$libinit$$00000025  c_p.l(libinit2.o)
    0x00000122   0x00000122   0x00000000   Code   RO         1060    .ARM.Collect$$libinit$$0000002C  c_p.l(libinit2.o)
    0x00000122   0x00000122   0x00000000   Code   RO         1062    .ARM.Collect$$libinit$$0000002E  c_p.l(libinit2.o)
    0x00000122   0x00000122   0x00000000   Code   RO         1064    .ARM.Collect$$libinit$$00000030  c_p.l(libinit2.o)
    0x00000122   0x00000122   0x00000000   Code   RO         1066    .ARM.Collect$$libinit$$00000032  c_p.l(libinit2.o)
    0x00000122   0x00000122   0x00000002   Code   RO         1067    .ARM.Collect$$libinit$$00000033  c_p.l(libinit2.o)
    0x00000124   0x00000124   0x00000002   Code   RO         1098    .ARM.Collect$$libshutdown$$00000000  c_p.l(libshutdown.o)
    0x00000126   0x00000126   0x00000000   Code   RO         1124    .ARM.Collect$$libshutdown$$00000002  c_p.l(libshutdown2.o)
    0x00000126   0x00000126   0x00000000   Code   RO         1126    .ARM.Collect$$libshutdown$$00000004  c_p.l(libshutdown2.o)
    0x00000126   0x00000126   0x00000000   Code   RO         1129    .ARM.Collect$$libshutdown$$00000007  c_p.l(libshutdown2.o)
    0x00000126   0x00000126   0x00000000   Code   RO         1132    .ARM.Collect$$libshutdown$$0000000A  c_p.l(libshutdown2.o)
    0x00000126   0x00000126   0x00000000   Code   RO         1134    .ARM.Collect$$libshutdown$$0000000C  c_p.l(libshutdown2.o)
    0x00000126   0x00000126   0x00000000   Code   RO         1137    .ARM.Collect$$libshutdown$$0000000F  c_p.l(libshutdown2.o)
    0x00000126   0x00000126   0x00000002   Code   RO         1138    .ARM.Collect$$libshutdown$$00000010  c_p.l(libshutdown2.o)
    0x00000128   0x00000128   0x00000000   Code   RO          975    .ARM.Collect$$rtentry$$00000000  c_p.l(__rtentry.o)
    0x00000128   0x00000128   0x00000000   Code   RO          982    .ARM.Collect$$rtentry$$00000002  c_p.l(__rtentry2.o)
    0x00000128   0x00000128   0x00000006   Code   RO          994    .ARM.Collect$$rtentry$$00000004  c_p.l(__rtentry4.o)
    0x0000012e   0x0000012e   0x00000008   Code   RO          983    .ARM.Collect$$rtentry$$00000008  c_p.l(__rtentry2.o)
    0x00000136   0x00000136   0x00000004   Code   RO          985    .ARM.Collect$$rtentry$$0000000A  c_p.l(__rtentry2.o)
    0x0000013a   0x0000013a   0x00000000   Code   RO          987    .ARM.Collect$$rtentry$$0000000C  c_p.l(__rtentry2.o)
    0x0000013a   0x0000013a   0x00000008   Code   RO          988    .ARM.Collect$$rtentry$$0000000D  c_p.l(__rtentry2.o)
    0x00000142   0x00000142   0x00000002   Code   RO         1015    .ARM.Collect$$rtexit$$00000000  c_p.l(rtexit.o)
    0x00000144   0x00000144   0x00000000   Code   RO         1071    .ARM.Collect$$rtexit$$00000002  c_p.l(rtexit2.o)
    0x00000144   0x00000144   0x00000004   Code   RO         1072    .ARM.Collect$$rtexit$$00000003  c_p.l(rtexit2.o)
    0x00000148   0x00000148   0x00000006   Code   RO         1073    .ARM.Collect$$rtexit$$00000004  c_p.l(rtexit2.o)
    0x0000014e   0x0000014e   0x00000002   PAD
    0x00000150   0x00000150   0x00000038   Code   RO          955    .emb_text           c_p.l(rt_memcpy.o)
    0x00000188   0x00000188   0x00000040   Code   RO          451  * .text               startup_mkl25z4.o
    0x000001c8   0x000001c8   0x000000a4   Code   RO          797    .text               RTX_CM0.lib(irq_cm0.o)
    0x0000026c   0x0000026c   0x00000082   Code   RO          956    .text               c_p.l(rt_memcpy.o)
    0x000002ee   0x000002ee   0x00000040   Code   RO          959    .text               c_p.l(rt_memclr.o)
    0x0000032e   0x0000032e   0x00000006   Code   RO          965    .text               c_p.l(heapauxi.o)
    0x00000334   0x00000334   0x00000048   Code   RO          969    .text               fz_ps.l(dfixui.o)
    0x0000037c   0x0000037c   0x00000058   Code   RO          971    .text               fz_ps.l(dflti.o)
    0x000003d4   0x000003d4   0x00000010   Code   RO         1001    .text               c_p.l(exit.o)
    0x000003e4   0x000003e4   0x00000008   Code   RO         1011    .text               c_p.l(libspace.o)
    0x000003ec   0x000003ec   0x0000000c   Code   RO         1068    .text               c_p.l(sys_exit.o)
    0x000003f8   0x000003f8   0x00000002   Code   RO         1087    .text               c_p.l(use_no_semi.o)
    0x000003fa   0x000003fa   0x00000000   Code   RO         1089    .text               c_p.l(indicate_semi.o)
    0x000003fa   0x000003fa   0x00000006   Code   RO          934    .text.OS_Tick_GetIRQn  RTX_CM0.lib(os_systick.o)
    0x00000400   0x00000400   0x00000010   Code   RO          450    .ARM.__at_0x400     startup_mkl25z4.o
    0x00000410   0x00000410   0x0000015a   Code   RO          961    .text               c_p.l(aeabi_sdiv.o)
    0x0000056a   0x0000056a   0x00000002   PAD
    0x0000056c   0x0000056c   0x00000248   Code   RO          973    .text               fz_ps.l(dmul.o)
    0x000007b4   0x000007b4   0x0000003e   Code   RO          998    .text               c_p.l(sys_stackheap_outer.o)
    0x000007f2   0x000007f2   0x0000003a   Code   RO         1141    .text               c_p.l(__dczerorl.o)
    0x0000082c   0x0000082c   0x0000004c   Code   RO          780    .text.MessageQueueGet  RTX_CM0.lib(rtx_msgqueue.o)
    0x00000878   0x00000878   0x00000062   Code   RO          774    .text.MessageQueuePut  RTX_CM0.lib(rtx_msgqueue.o)
    0x000008da   0x000008da   0x0000001e   Code   RO          772    .text.MessageQueueRemove  RTX_CM0.lib(rtx_msgqueue.o)
    0x000008f8   0x000008f8   0x0000000c   Code   RO          932    .text.OS_Tick_AcknowledgeIRQ  RTX_CM0.lib(os_systick.o)
    0x00000904   0x00000904   0x0000002c   Code   RO          928    .text.OS_Tick_Enable  RTX_CM0.lib(os_systick.o)
    0x00000930   0x00000930   0x0000004c   Code   RO          926    .text.OS_Tick_Setup  RTX_CM0.lib(os_systick.o)
    0x0000097c   0x0000097c   0x0000004e   Code   RO          635    .text.ThreadFlagsCheck  RTX_CM0.lib(rtx_thread.o)
    0x000009ca   0x000009ca   0x00000002   PAD
    0x000009cc   0x000009cc   0x0000004c   Code   RO          818    .text.TimerInsert   RTX_CM0.lib(rtx_timer.o)
    0x00000a18   0x00000a18   0x00000028   Code   RO          688    .text.osDelay       RTX_CM0.lib(rtx_delay.o)
    0x00000a40   0x00000a40   0x00000030   Code   RO          498    .text.osKernelGetState  RTX_CM0.lib(rtx_kernel.o)
    0x00000a70   0x00000a70   0x00000028   Code   RO          492    .text.osKernelInitialize  RTX_CM0.lib(rtx_kernel.o)
    0x00000a98   0x00000a98   0x00000024   Code   RO          502    .text.osKernelStart  RTX_CM0.lib(rtx_kernel.o)
    0x00000abc   0x00000abc   0x00000074   Code   RO          746    .text.osMessageQueueGet  RTX_CM0.lib(rtx_msgqueue.o)
    0x00000b30   0x00000b30   0x00000024   Code   RO          740    .text.osMessageQueueNew  RTX_CM0.lib(rtx_msgqueue.o)
    0x00000b54   0x00000b54   0x00000078   Code   RO          744    .text.osMessageQueuePut  RTX_CM0.lib(rtx_msgqueue.o)
    0x00000bcc   0x00000bcc   0x00000028   Code   RO          711    .text.osMutexAcquire  RTX_CM0.lib(rtx_mutex.o)
    0x00000bf4   0x00000bf4   0x00000028   Code   RO          717    .text.osMutexDelete  RTX_CM0.lib(rtx_mutex.o)
    0x00000c1c   0x00000c1c   0x00000024   Code   RO          707    .text.osMutexNew    RTX_CM0.lib(rtx_mutex.o)
    0x00000c40   0x00000c40   0x00000028   Code   RO          713    .text.osMutexRelease  RTX_CM0.lib(rtx_mutex.o)
    0x00000c68   0x00000c68   0x00000002   Code   RO          490    .text.osRtxKernelPreInit  RTX_CM0.lib(rtx_kernel.o)
    0x00000c6a   0x00000c6a   0x0000007c   Code   RO          845    .text.osRtxMemoryAlloc  RTX_CM0.lib(rtx_memory.o)
    0x00000ce6   0x00000ce6   0x0000004e   Code   RO          847    .text.osRtxMemoryFree  RTX_CM0.lib(rtx_memory.o)
    0x00000d34   0x00000d34   0x00000032   Code   RO          843    .text.osRtxMemoryInit  RTX_CM0.lib(rtx_memory.o)
    0x00000d66   0x00000d66   0x0000002e   Code   RO          860    .text.osRtxMemoryPoolAlloc  RTX_CM0.lib(rtx_mempool.o)
    0x00000d94   0x00000d94   0x0000003a   Code   RO          862    .text.osRtxMemoryPoolFree  RTX_CM0.lib(rtx_mempool.o)
    0x00000dce   0x00000dce   0x0000003e   Code   RO          858    .text.osRtxMemoryPoolInit  RTX_CM0.lib(rtx_mempool.o)
    0x00000e0c   0x00000e0c   0x000000bc   Code   RO          770    .text.osRtxMessageQueuePostProcess  RTX_CM0.lib(rtx_msgqueue.o)
    0x00000ec8   0x00000ec8   0x00000044   Code   RO          705    .text.osRtxMutexOwnerRelease  RTX_CM0.lib(rtx_mutex.o)
    0x00000f0c   0x00000f0c   0x00000080   Code   RO          913    .text.osRtxPendSV_Handler  RTX_CM0.lib(rtx_system.o)
    0x00000f8c   0x00000f8c   0x0000006c   Code   RO          915    .text.osRtxPostProcess  RTX_CM0.lib(rtx_system.o)
    0x00000ff8   0x00000ff8   0x00000038   Code   RO          575    .text.osRtxThreadBlock  RTX_CM0.lib(rtx_thread.o)
    0x00001030   0x00001030   0x00000080   Code   RO          583    .text.osRtxThreadDelayInsert  RTX_CM0.lib(rtx_thread.o)
    0x000010b0   0x000010b0   0x00000044   Code   RO          579    .text.osRtxThreadDelayRemove  RTX_CM0.lib(rtx_thread.o)
    0x000010f4   0x000010f4   0x00000038   Code   RO          565    .text.osRtxThreadDelayTick  RTX_CM0.lib(rtx_thread.o)
    0x0000112c   0x0000112c   0x00000050   Code   RO          573    .text.osRtxThreadDispatch  RTX_CM0.lib(rtx_thread.o)
    0x0000117c   0x0000117c   0x00000054   Code   RO          659    .text.osRtxThreadFree  RTX_CM0.lib(rtx_thread.o)
    0x000011d0   0x000011d0   0x00000014   Code   RO          557    .text.osRtxThreadListGet  RTX_CM0.lib(rtx_thread.o)
    0x000011e4   0x000011e4   0x0000002c   Code   RO          555    .text.osRtxThreadListPut  RTX_CM0.lib(rtx_thread.o)
    0x00001210   0x00001210   0x00000018   Code   RO          561    .text.osRtxThreadListRemove  RTX_CM0.lib(rtx_thread.o)
    0x00001228   0x00001228   0x00000026   Code   RO          559    .text.osRtxThreadListSort  RTX_CM0.lib(rtx_thread.o)
    0x0000124e   0x0000124e   0x00000026   Code   RO          633    .text.osRtxThreadPostProcess  RTX_CM0.lib(rtx_thread.o)
    0x00001274   0x00001274   0x00000018   Code   RO          563    .text.osRtxThreadReadyPut  RTX_CM0.lib(rtx_thread.o)
    0x0000128c   0x0000128c   0x00000006   Code   RO          567    .text.osRtxThreadRegPtr  RTX_CM0.lib(rtx_thread.o)
    0x00001292   0x00001292   0x00000002   PAD
    0x00001294   0x00001294   0x0000002c   Code   RO          571    .text.osRtxThreadStackCheck  RTX_CM0.lib(rtx_thread.o)
    0x000012c0   0x000012c0   0x00000040   Code   RO          585    .text.osRtxThreadStartup  RTX_CM0.lib(rtx_thread.o)
    0x00001300   0x00001300   0x00000014   Code   RO          569    .text.osRtxThreadSwitch  RTX_CM0.lib(rtx_thread.o)
    0x00001314   0x00001314   0x0000003c   Code   RO          581    .text.osRtxThreadWaitEnter  RTX_CM0.lib(rtx_thread.o)
    0x00001350   0x00001350   0x00000022   Code   RO          577    .text.osRtxThreadWaitExit  RTX_CM0.lib(rtx_thread.o)
    0x00001372   0x00001372   0x00000002   PAD
    0x00001374   0x00001374   0x00000074   Code   RO          911    .text.osRtxTick_Handler  RTX_CM0.lib(rtx_system.o)
    0x000013e8   0x000013e8   0x0000003c   Code   RO          802    .text.osRtxTimerThread  RTX_CM0.lib(rtx_timer.o)
    0x00001424   0x00001424   0x00000060   Code   RO          804    .text.osRtxTimerTick  RTX_CM0.lib(rtx_timer.o)
    0x00001484   0x00001484   0x0000000c   Code   RO          617    .text.osThreadExit  RTX_CM0.lib(rtx_thread.o)
    0x00001490   0x00001490   0x00000024   Code   RO          589    .text.osThreadNew   RTX_CM0.lib(rtx_thread.o)
    0x000014b4   0x000014b4   0x00000012   Code   RO          692    .text.svcRtxDelay   RTX_CM0.lib(rtx_delay.o)
    0x000014c6   0x000014c6   0x00000002   PAD
    0x000014c8   0x000014c8   0x0000000c   Code   RO          500    .text.svcRtxKernelGetState  RTX_CM0.lib(rtx_kernel.o)
    0x000014d4   0x000014d4   0x00000148   Code   RO          530    .text.svcRtxKernelInitialize  RTX_CM0.lib(rtx_kernel.o)
    0x0000161c   0x0000161c   0x00000084   Code   RO          532    .text.svcRtxKernelStart  RTX_CM0.lib(rtx_kernel.o)
    0x000016a0   0x000016a0   0x000000e8   Code   RO          782    .text.svcRtxMessageQueueGet  RTX_CM0.lib(rtx_msgqueue.o)
    0x00001788   0x00001788   0x000001e4   Code   RO          768    .text.svcRtxMessageQueueNew  RTX_CM0.lib(rtx_msgqueue.o)
    0x0000196c   0x0000196c   0x000000bc   Code   RO          778    .text.svcRtxMessageQueuePut  RTX_CM0.lib(rtx_msgqueue.o)
    0x00001a28   0x00001a28   0x00000098   Code   RO          723    .text.svcRtxMutexAcquire  RTX_CM0.lib(rtx_mutex.o)
    0x00001ac0   0x00001ac0   0x000000bc   Code   RO          729    .text.svcRtxMutexDelete  RTX_CM0.lib(rtx_mutex.o)
    0x00001b7c   0x00001b7c   0x00000070   Code   RO          719    .text.svcRtxMutexNew  RTX_CM0.lib(rtx_mutex.o)
    0x00001bec   0x00001bec   0x000000c0   Code   RO          725    .text.svcRtxMutexRelease  RTX_CM0.lib(rtx_mutex.o)
    0x00001cac   0x00001cac   0x0000006c   Code   RO          663    .text.svcRtxThreadExit  RTX_CM0.lib(rtx_thread.o)
    0x00001d18   0x00001d18   0x000001ec   Code   RO          587    .text.svcRtxThreadNew  RTX_CM0.lib(rtx_thread.o)
    0x00001f04   0x00001f04   0x00000190   Code   RO          459    i.SystemCoreClockUpdate  system_mkl25z4.o
    0x00002094   0x00002094   0x0000000c   Code   RO          460    i.SystemInit        system_mkl25z4.o
    0x000020a0   0x000020a0   0x00000030   Code   RO            3    i.UART2_IRQHandler  main.o
    0x000020d0   0x000020d0   0x0000001c   Code   RO          438    i.__ARM_common_switch8  rtx_config.o
    0x000020ec   0x000020ec   0x00000078   Code   RO          168    i.__NVIC_SetPriority  serial_isr.o
    0x00002164   0x00002164   0x00000018   Code   RO          341    i._mutex_acquire    rtx_lib.o
    0x0000217c   0x0000217c   0x0000000c   Code   RO          342    i._mutex_free       rtx_lib.o
    0x00002188   0x00002188   0x00000024   Code   RO          343    i._mutex_initialize  rtx_lib.o
    0x000021ac   0x000021ac   0x00000014   Code   RO          344    i._mutex_release    rtx_lib.o
    0x000021c0   0x000021c0   0x00000008   Code   RO          345    i._platform_post_stackheap_init  rtx_lib.o
    0x000021c8   0x000021c8   0x0000024c   Code   RO          109    i.background_tune   taudio.o
    0x00002414   0x00002414   0x00000022   Code   RO          110    i.connected_tune    taudio.o
    0x00002436   0x00002436   0x00000014   Code   RO          111    i.delay             taudio.o
    0x0000244a   0x0000244a   0x000000e4   Code   RO          112    i.ending_tune       taudio.o
    0x0000252e   0x0000252e   0x00000002   PAD
    0x00002530   0x00002530   0x00000030   Code   RO          266    i.forward           tmotorcontrol.o
    0x00002560   0x00002560   0x00000040   Code   RO          207    i.greenFlash        tled.o
    0x000025a0   0x000025a0   0x000000c4   Code   RO          113    i.initAudio         taudio.o
    0x00002664   0x00002664   0x00000118   Code   RO          208    i.initLED           tled.o
    0x0000277c   0x0000277c   0x00000170   Code   RO          267    i.initMotors        tmotorcontrol.o
    0x000028ec   0x000028ec   0x000000f4   Code   RO          169    i.initUART2         serial_isr.o
    0x000029e0   0x000029e0   0x00000034   Code   RO          268    i.left              tmotorcontrol.o
    0x00002a14   0x00002a14   0x00000030   Code   RO          269    i.leftforward       tmotorcontrol.o
    0x00002a44   0x00002a44   0x00000038   Code   RO          270    i.leftreverse       tmotorcontrol.o
    0x00002a7c   0x00002a7c   0x000000c4   Code   RO            4    i.main              main.o
    0x00002b40   0x00002b40   0x0000000c   Code   RO          114    i.off_audio         taudio.o
    0x00002b4c   0x00002b4c   0x00000020   Code   RO          417    i.osRtxErrorNotify  rtx_config.o
    0x00002b6c   0x00002b6c   0x00000004   Code   RO          418    i.osRtxIdleThread   rtx_config.o
    0x00002b70   0x00002b70   0x00000024   Code   RO          346    i.os_kernel_is_active  rtx_lib.o
    0x00002b94   0x00002b94   0x00000060   Code   RO          115    i.play_note         taudio.o
    0x00002bf4   0x00002bf4   0x00000034   Code   RO          271    i.reverse           tmotorcontrol.o
    0x00002c28   0x00002c28   0x00000034   Code   RO          272    i.right             tmotorcontrol.o
    0x00002c5c   0x00002c5c   0x00000030   Code   RO          273    i.rightforward      tmotorcontrol.o
    0x00002c8c   0x00002c8c   0x00000038   Code   RO          274    i.rightreverse      tmotorcontrol.o
    0x00002cc4   0x00002cc4   0x00000038   Code   RO          210    i.runningModeGreen  tled.o
    0x00002cfc   0x00002cfc   0x00000030   Code   RO          211    i.runningModeRed    tled.o
    0x00002d2c   0x00002d2c   0x00000014   Code   RO          212    i.stationaryModeGreen  tled.o
    0x00002d40   0x00002d40   0x00000034   Code   RO          213    i.stationaryModeRed  tled.o
    0x00002d74   0x00002d74   0x00000028   Code   RO          275    i.stopMotors        tmotorcontrol.o
    0x00002d9c   0x00002d9c   0x00000048   Code   RO            5    i.tAudio            main.o
    0x00002de4   0x00002de4   0x00000064   Code   RO            6    i.tBrain            main.o
    0x00002e48   0x00002e48   0x000000a8   Code   RO            7    i.tGreen            main.o
    0x00002ef0   0x00002ef0   0x00000090   Code   RO            8    i.tMotor            main.o
    0x00002f80   0x00002f80   0x00000078   Code   RO            9    i.tRed              main.o
    0x00002ff8   0x00002ff8   0x00000000   Code   RO          980    x$fpl$usenofp       fz_ps.l(usenofp.o)
    0x00002ff8   0x00002ff8   0x00000064   Data   RO          353    .constdata          rtx_lib.o
    0x0000305c   0x0000305c   0x00000001   Data   RO          796    .constdata          RTX_CM0.lib(irq_cm0.o)
    0x0000305d   0x0000305d   0x00000003   PAD
    0x00003060   0x00003060   0x000000a0   Data   RO          355    .rodata             rtx_lib.o
    0x00003100   0x00003100   0x0000000b   Data   RO          544    .rodata.str1.4      RTX_CM0.lib(rtx_kernel.o)
    0x0000310b   0x0000310b   0x00000001   PAD
    0x0000310c   0x0000310c   0x00000020   Data   RO         1139    Region$$Table       anon$$obj.o


    Execution Region ER_RW (Exec base: 0x1ffff000, Load base: 0x0000312c, Size: 0x0000149c, Max: 0xffffffff, ABSOLUTE, COMPRESSED[0x00000090])

    Exec Addr    Load Addr    Size         Type   Attr      Idx    E Section Name        Object

    0x1ffff000   COMPRESSED   0x00001040   Data   RW          347    .bss.os             rtx_lib.o
    0x20000040   COMPRESSED   0x00000034   Data   RW          349    .bss.os.msgqueue.cb  rtx_lib.o
    0x20000074   COMPRESSED   0x00000050   Data   RW          350    .bss.os.msgqueue.mem  rtx_lib.o
    0x200000c4   COMPRESSED   0x00000088   Data   RW          351    .bss.os.thread.cb   rtx_lib.o
    0x2000014c   COMPRESSED   0x00000004   PAD
    0x20000150   COMPRESSED   0x00000200   Data   RW          352    .bss.os.thread.stack  rtx_lib.o
    0x20000350   COMPRESSED   0x00000015   Data   RW           10    .data               main.o
    0x20000365   COMPRESSED   0x00000003   PAD
    0x20000368   COMPRESSED   0x00000078   Data   RW          116    .data               taudio.o
    0x200003e0   COMPRESSED   0x00000001   Data   RW          170    .data               serial_isr.o
    0x200003e1   COMPRESSED   0x00000008   Data   RW          214    .data               tled.o
    0x200003e9   COMPRESSED   0x00000003   PAD
    0x200003ec   COMPRESSED   0x00000005   Data   RW          354    .data               rtx_lib.o
    0x200003f1   COMPRESSED   0x00000003   PAD
    0x200003f4   COMPRESSED   0x00000004   Data   RW          461    .data               system_mkl25z4.o
    0x200003f8   COMPRESSED   0x000000a4   Data   RW          545    .data.os            RTX_CM0.lib(rtx_kernel.o)


    Execution Region ER_ZI (Exec base: 0x2000049c, Load base: 0x000031bc, Size: 0x00000164, Max: 0xffffffff, ABSOLUTE)

    Exec Addr    Load Addr    Size         Type   Attr      Idx    E Section Name        Object

    0x2000049c        -       0x00000060   Zero   RW         1012    .bss                c_p.l(libspace.o)
    0x200004fc        -       0x00000001   Zero   RW          944    .bss.PendST         RTX_CM0.lib(os_systick.o)
    0x200004fd   0x000031bc   0x00000003   PAD
    0x20000500        -       0x00000000   Zero   RW          448    HEAP                startup_mkl25z4.o
    0x20000500        -       0x00000100   Zero   RW          447    STACK               startup_mkl25z4.o


==============================================================================

Image component sizes


      Code (inc. data)   RO Data    RW Data    ZI Data      Debug   Object Name

       848         96          0         21          0     223708   main.o
        64          8          0          0          0       1025   rtx_config.o
       136          6        260       4945          0      12706   rtx_lib.o
       364         32          0          1          0       9474   serial_isr.o
        80         44        192          0        256        868   startup_mkl25z4.o
       412         42          0          4          0       1491   system_mkl25z4.o
      1174         46          0        120          0       4100   taudio.o
       520         38          0          8          0       3269   tled.o
       820        170          0          0          0       4071   tmotorcontrol.o

    ----------------------------------------------------------------------
      4420        482        484       5112        256     260712   Object Totals
         0          0         32          0          0          0   (incl. Generated)
         2          0          0         13          0          0   (incl. Padding)

    ----------------------------------------------------------------------

      Code (inc. data)   RO Data    RW Data    ZI Data      Debug   Library Member Name

       164          8          1          0          0        496   irq_cm0.o
       138         32          0          0          1       2766   os_systick.o
        58          4          0          0          0       2753   rtx_delay.o
       598         48         11        164          0      16105   rtx_kernel.o
       252          0          0          0          0       2564   rtx_memory.o
       166          0          0          0          0      14282   rtx_mempool.o
      1568         44          0          0          0      17889   rtx_msgqueue.o
       868         32          0          0          0       9201   rtx_mutex.o
       352         26          0          0          0       4635   rtx_system.o
      1614         96          0          0          0      30867   rtx_thread.o
       232         20          0          0          0      10018   rtx_timer.o
        58          0          0          0          0          0   __dczerorl.o
         8          0          0          0          0         68   __main.o
         0          0          0          0          0          0   __rtentry.o
        20          0          0          0          0          0   __rtentry2.o
         6          0          0          0          0          0   __rtentry4.o
        60          8          0          0          0          0   __scatter.o
        28          0          0          0          0          0   __scatter_zi.o
       346          0          0          0          0         92   aeabi_sdiv.o
        16          0          0          0          0         68   exit.o
         6          0          0          0          0        136   heapauxi.o
         0          0          0          0          0          0   indicate_semi.o
         2          0          0          0          0          0   libinit.o
         2          0          0          0          0          0   libinit2.o
         2          0          0          0          0          0   libshutdown.o
         2          0          0          0          0          0   libshutdown2.o
         8          4          0          0         96         68   libspace.o
        64          0          0          0          0        108   rt_memclr.o
       186          0          0          0          0        144   rt_memcpy.o
         2          0          0          0          0          0   rtexit.o
        10          0          0          0          0          0   rtexit2.o
        12          4          0          0          0         60   sys_exit.o
        62          0          0          0          0         80   sys_stackheap_outer.o
         2          0          0          0          0         68   use_no_semi.o
        72          4          0          0          0         68   dfixui.o
        88          0          0          0          0         92   dflti.o
       584         26          0          0          0         84   dmul.o
         0          0          0          0          0          0   usenofp.o

    ----------------------------------------------------------------------
      7668        356         16        164        100     112712   Library Totals
        12          0          4          0          3          0   (incl. Padding)

    ----------------------------------------------------------------------

      Code (inc. data)   RO Data    RW Data    ZI Data      Debug   Library Name

      6010        310         12        164          1     111576   RTX_CM0.lib
       902         16          0          0         96        892   c_p.l
       744         30          0          0          0        244   fz_ps.l

    ----------------------------------------------------------------------
      7668        356         16        164        100     112712   Library Totals

    ----------------------------------------------------------------------

==============================================================================


      Code (inc. data)   RO Data    RW Data    ZI Data      Debug   

     12088        838        500       5276        356     370968   Grand Totals
     12088        838        500        144        356     370968   ELF Image Totals (compressed)
     12088        838        500        144          0          0   ROM Totals

==============================================================================

    Total RO  Size (Code + RO Data)                12588 (  12.29kB)
    Total RW  Size (RW Data + ZI Data)              5632 (   5.50kB)
    Total ROM Size (Code + RO Data + RW Data)      12732 (  12.43kB)

==============================================================================

